#
# A fatal error has been detected by the Java Runtime Environment:
#
#  EXCEPTION_ACCESS_VIOLATION (0xc0000005) at pc=0x00007ffbd005b881, pid=19368, tid=11700
#
# JRE version: OpenJDK Runtime Environment Corretto-22.0.2.9.1 (22.0.2+9) (build 22.0.2+9-FR)
# Java VM: OpenJDK 64-Bit Server VM Corretto-22.0.2.9.1 (22.0.2+9-FR, mixed mode, sharing, tiered, compressed oops, compressed class ptrs, g1 gc, windows-amd64)
# Problematic frame:
# C  [awt.dll+0xdb881]
#
# No core dump will be written. Minidumps are not enabled by default on client versions of Windows
#
# If you would like to submit a bug report, please visit:
#   https://github.com/corretto/corretto-22/issues/
# The crash happened outside the Java Virtual Machine in native code.
# See problematic frame for where to report the bug.
#

---------------  S U M M A R Y ------------

Command Line: -javaagent:C:\Program Files\JetBrains\IntelliJ IDEA 2024.3.7\lib\idea_rt.jar=56910 -Dfile.encoding=UTF-8 -Dsun.stdout.encoding=UTF-8 -Dsun.stderr.encoding=UTF-8 Main

Host: 11th Gen Intel(R) Core(TM) i5-1145G7 @ 2.60GHz, 8 cores, 15G,  Windows 11 , 64 bit Build 26100 (10.0.26100.8246)
Time: Tue Apr 21 01:08:49 2026 Central Europe Daylight Time elapsed time: 19225.154216 seconds (0d 5h 20m 25s)

---------------  T H R E A D  ---------------

Current thread (0x000001f7728cd760):  JavaThread "AWT-Windows" daemon [_thread_in_native, id=11700, stack(0x0000002355e00000,0x0000002355f00000) (1024K)]

Stack: [0x0000002355e00000,0x0000002355f00000],  sp=0x0000002355efee60,  free space=1019k
Native frames: (J=compiled Java code, j=interpreted, Vv=VM code, C=native code)
C  [awt.dll+0xdb881]  (no source info available)
C  [awt.dll+0x9768c]  (no source info available)
C  [awt.dll+0x97736]  (no source info available)
C  [awt.dll+0x94a96]  (no source info available)
C  [awt.dll+0xe09cb]  (no source info available)
C  [awt.dll+0xb0ccd]  (no source info available)
C  [awt.dll+0x97c6d]  (no source info available)
C  [USER32.dll+0xc396]  (no source info available)
C  [USER32.dll+0xbe5c]  (no source info available)
C  [awt.dll+0x16103]  (no source info available)
C  [COMCTL32.dll+0x2cec8]  (no source info available)
C  [COMCTL32.dll+0x2cc9f]  (no source info available)
C  [USER32.dll+0xc396]  (no source info available)
C  [USER32.dll+0xa7ed]  (no source info available)
C  [awt.dll+0xd4cf5]  (no source info available)
C  [awt.dll+0xd6cb2]  (no source info available)
C  0x000001f71d81d0c7  (no source info available)

The last pc belongs to native method entry point (kind = native) (printed below).
Java frames: (J=compiled Java code, j=interpreted, Vv=VM code)
j  sun.awt.windows.WToolkit.eventLoop()V+0 java.desktop@22.0.2
j  sun.awt.windows.WToolkit.run()V+50 java.desktop@22.0.2
j  java.lang.Thread.runWith(Ljava/lang/Object;Ljava/lang/Runnable;)V+5 java.base@22.0.2
j  java.lang.Thread.run()V+19 java.base@22.0.2
v  ~StubRoutines::call_stub 0x000001f71d81100d

siginfo: EXCEPTION_ACCESS_VIOLATION (0xc0000005), reading address 0x0000000000000008


Registers:
RAX=0x0000000000000000, RBX=0x000001f772dbdad0, RCX=0x0000000000000000, RDX=0x0000000000000000
RSP=0x0000002355efee60, RBP=0x0000002355efef69, RSI=0x0000000019010e33, RDI=0x0000000000000000
R8 =0x0000000000000001, R9 =0x00000023543e6000, R10=0x0000000000000000, R11=0x0000000000000246
R12=0x0000000000000000, R13=0x0000000000000310, R14=0x0000000000000000, R15=0x0000000000000000
RIP=0x00007ffbd005b881, EFLAGS=0x0000000000010246


Register to memory mapping:

RAX=0x0 is null
RBX=0x000001f772dbdad0 points into unknown readable memory: 0x000001f7729d5660 | 60 56 9d 72 f7 01 00 00
RCX=0x0 is null
RDX=0x0 is null
RSP=0x0000002355efee60 is pointing into the stack for thread: 0x000001f7728cd760
RBP=0x0000002355efef69 is pointing into the stack for thread: 0x000001f7728cd760
RSI=0x0000000019010e33 is an unknown value
RDI=0x0 is null
R8 =0x0000000000000001 is an unknown value
R9 =0x00000023543e6000 points into unknown readable memory: 0x0000000000000000 | 00 00 00 00 00 00 00 00
R10=0x0 is null
R11=0x0000000000000246 is an unknown value
R12=0x0 is null
R13=0x0000000000000310 is an unknown value
R14=0x0 is null
R15=0x0 is null

Top of Stack: (sp=0x0000002355efee60)
0x0000002355efee60:   00007ffbd00b8838 0000000019010e33
0x0000002355efee70:   0000000000000000 000001f774bf8550
0x0000002355efee80:   0000000000000000 00007ffbd001768c
0x0000002355efee90:   0000000019010e33 000001f774bf8550
0x0000002355efeea0:   000001f772dbdad0 0000002355eff1d8
0x0000002355efeeb0:   000001f774bf8550 00007ffbd0017736
0x0000002355efeec0:   00007ffbcff80000 0000000000000000
0x0000002355efeed0:   0000002355efefc8 00007ffbf765cec8
0x0000002355efeee0:   000001f774bf8550 00007ffbd0014a96
0x0000002355efeef0:   000001f774bf8550 0000000000000000
0x0000002355efef00:   00007ffbd0017c10 00007ffc167ba45e
0x0000002355efef10:   000001f77212c040 00007ffc14d1c9a9
0x0000002355efef20:   0000002355efefc0 0000000000000001
0x0000002355efef30:   0000000000000000 0000002355efefc8
0x0000002355efef40:   0000000000000000 0000000000000000
0x0000002355efef50:   0000000000000000 000001f7728cdb20
0x0000002355efef60:   000001f774bf85f0 0000000000000000
0x0000002355efef70:   0000000000000000 000025724757bf75
0x0000002355efef80:   0000000000000000 0000000000000000
0x0000002355efef90:   0000000000000000 0000000000000000
0x0000002355efefa0:   0000000000000000 0000000000000000
0x0000002355efefb0:   0000000000000000 000001f774bf8550
0x0000002355efefc0:   0000000000000310 00007ffbd00609cb
0x0000002355efefd0:   0000000000000000 000071808b56b772
0x0000002355efefe0:   0000c2154e6e2486 0000000000000022
0x0000002355efeff0:   000000000000c216 0000000000000000
0x0000002355eff000:   0000000000000000 00007ffc14cec569
0x0000002355eff010:   0000000000000000 0000000000000001
0x0000002355eff020:   0000000000000022 00007ffc167aa69f
0x0000002355eff030:   00000000002907f0 00007ffc14ced7ba
0x0000002355eff040:   ffffffffffffffeb 000025724757be55
0x0000002355eff050:   000001f70c18cc70 0000000000000000 

Instructions: (pc=0x00007ffbd005b881)
0x00007ffbd005b781:   83 ec 28 66 0f 6e c2 0f 5b c0 f3 0f 59 41 48 0f
0x00007ffbd005b791:   5a c8 f2 0f 10 05 f5 44 03 00 f2 0f 5c 0d 55 44
0x00007ffbd005b7a1:   01 00 66 0f 2f c1 76 0a b8 00 00 00 80 48 83 c4
0x00007ffbd005b7b1:   28 c3 66 0f 2f 0d d5 8d 02 00 76 0a b8 ff ff ff
0x00007ffbd005b7c1:   7f 48 83 c4 28 c3 0f 28 c1 e8 af 0e 01 00 f2 0f
0x00007ffbd005b7d1:   2c c0 48 83 c4 28 c3 cc cc cc cc cc cc cc cc 48
0x00007ffbd005b7e1:   83 ec 28 66 0f 6e c2 0f 5b c0 f3 0f 59 41 4c 0f
0x00007ffbd005b7f1:   5a c8 f2 0f 10 05 95 44 03 00 f2 0f 5c 0d f5 43
0x00007ffbd005b801:   01 00 66 0f 2f c1 76 0a b8 00 00 00 80 48 83 c4
0x00007ffbd005b811:   28 c3 66 0f 2f 0d 75 8d 02 00 76 0a b8 ff ff ff
0x00007ffbd005b821:   7f 48 83 c4 28 c3 0f 28 c1 e8 4f 0e 01 00 f2 0f
0x00007ffbd005b831:   2c c0 48 83 c4 28 c3 cc cc cc cc cc cc cc cc 48
0x00007ffbd005b841:   8b 49 08 48 85 c9 0f 85 c3 80 fe ff 33 c0 c3 48
0x00007ffbd005b851:   89 5c 24 08 48 89 74 24 10 57 48 83 ec 20 8b fa
0x00007ffbd005b861:   48 8b f1 e8 57 c3 f4 ff 48 8b d8 48 89 44 24 40
0x00007ffbd005b871:   41 b8 01 00 00 00 8b d7 48 8b c8 e8 bf c2 f4 ff
0x00007ffbd005b881:   48 8b 48 08 48 85 c9 74 0d 48 8b d6 e8 7e 80 fe
0x00007ffbd005b891:   ff 48 8b f8 eb 02 33 ff 48 8b cb e8 df c4 f4 ff
0x00007ffbd005b8a1:   90 48 8b c7 48 8b 5c 24 30 48 8b 74 24 38 48 83
0x00007ffbd005b8b1:   c4 20 5f c3 cc cc cc cc cc cc cc cc cc cc cc 48
0x00007ffbd005b8c1:   8b 01 89 10 c3 cc cc cc cc cc cc cc cc cc cc 40
0x00007ffbd005b8d1:   57 48 83 ec 40 48 83 79 38 00 48 8b f9 0f 84 96
0x00007ffbd005b8e1:   01 00 00 48 8b 0d 6d 95 06 00 ba 02 00 01 00 48
0x00007ffbd005b8f1:   89 5c 24 58 48 89 74 24 68 e8 a1 f5 00 00 4c 8b
0x00007ffbd005b901:   05 92 9a 06 00 48 8b c8 48 8b 57 38 48 8b d8 4c
0x00007ffbd005b911:   8b 08 41 ff 91 f8 02 00 00 48 8b f0 48 85 c0 0f
0x00007ffbd005b921:   84 4a 01 00 00 4c 8b 0b 48 8b d0 4c 8b 05 55 9a
0x00007ffbd005b931:   06 00 48 8b cb 41 ff 91 00 01 00 00 84 c0 0f 84
0x00007ffbd005b941:   2b 01 00 00 48 8b 7f 08 48 8b d6 48 8b 03 48 8b
0x00007ffbd005b951:   cb 4c 8b 05 47 9a 06 00 48 81 c7 00 04 00 00 48
0x00007ffbd005b961:   89 6c 24 60 4c 89 64 24 38 ff 90 f8 02 00 00 4c
0x00007ffbd005b971:   8b 0b 48 8b d6 4c 8b 05 2b 9a 06 00 48 8b cb 4c 


Stack slot to memory mapping:

stack at sp + 0 slots: 0x00007ffbd00b8838 awt.dll
stack at sp + 1 slots: 0x0000000019010e33 is an unknown value
stack at sp + 2 slots: 0x0 is null
stack at sp + 3 slots: 0x000001f774bf8550 points into unknown readable memory: 0x00007ffbd008b8d0 | d0 b8 08 d0 fb 7f 00 00
stack at sp + 4 slots: 0x0 is null
stack at sp + 5 slots: 0x00007ffbd001768c awt.dll
stack at sp + 6 slots: 0x0000000019010e33 is an unknown value
stack at sp + 7 slots: 0x000001f774bf8550 points into unknown readable memory: 0x00007ffbd008b8d0 | d0 b8 08 d0 fb 7f 00 00

native method entry point (kind = native)  [0x000001f71d81cca0, 0x000001f71d81d8c0]  3104 bytes
[MachCode]
  0x000001f71d81cca0: 488b 4b08 | 0fb7 492e | 584c 8d74 | ccf8 6800 | 0000 0068 | 0000 0000 | 5055 488b | ec41 5568 
  0x000001f71d81ccc0: 0000 0000 | 4c8b 6b08 | 4d8d 6d38 | 5348 8b53 | 0848 8b52 | 0848 8b52 | 1848 8b52 | 7048 8b12 
  0x000001f71d81cce0: 5248 8b53 | 1048 85d2 | 0f84 0700 | 0000 4881 | c210 0100 | 0052 488b | 5308 488b | 5208 488b 
  0x000001f71d81cd00: 5210 5249 | 8bc6 482b | c548 c1e8 | 0350 6800 | 0000 0068 | f7ff ffff | 41c6 8781 | 0400 0001 
  0x000001f71d81cd20: 488b 4310 | 4885 c074 | 208b 88cc | 0000 0083 | c102 8988 | cc00 0000 | 2388 e000 | 0000 0f84 
  0x000001f71d81cd40: cb0a 0000 | e9cf 0000 | 0048 8b43 | 1848 85c0 | 0f85 b000 | 0000 e805 | 0000 00e9 | 9900 0000 
  0x000001f71d81cd60: 488b d348 | 8d44 2408 | 4c89 6dc0 | 498b cfc5 | f877 4989 | afb0 0300 | 0049 8987 | a003 0000 
  0x000001f71d81cd80: 4883 ec20 | 40f6 c40f | 0f84 1900 | 0000 4883 | ec08 48b8 | a0be 9594 | fb7f 0000 | ffd0 4883 
  0x000001f71d81cda0: c408 e90c | 0000 0048 | b8a0 be95 | 94fb 7f00 | 00ff d048 | 83c4 2049 | c787 a003 | 0000 0000 
  0x000001f71d81cdc0: 0000 49c7 | 87b0 0300 | 0000 0000 | 0049 c787 | a803 0000 | 0000 0000 | c5f8 7749 | 837f 0800 
  0x000001f71d81cde0: 0f84 0500 | 0000 e915 | 41ff ff4c | 8b6d c04c | 8b75 c84e | 8d74 f500 | c348 8b43 | 1848 85c0 
  0x000001f71d81ce00: 0f84 1200 | 0000 8b48 | 0883 c102 | 8948 0823 | 481c 0f84 | f709 0000 | 493b a7f0 | 0400 000f 
  0x000001f71d81ce20: 8748 0000 | 0089 8424 | 00f0 ffff | 8984 2400 | e0ff ff89 | 8424 00d0 | ffff 8984 | 2400 c0ff 
  0x000001f71d81ce40: ff89 8424 | 00b0 ffff | 8984 2400 | a0ff ff89 | 8424 0090 | ffff 8984 | 2400 80ff | ff49 3ba7 
  0x000001f71d81ce60: e804 0000 | 7607 4989 | a7f0 0400 | 0041 c687 | 8104 0000 | 0049 bac8 | 7323 95fb | 7f00 0041 
  0x000001f71d81ce80: 803a 000f | 843e 0000 | 0048 8b55 | e849 8bcf | 4883 ec20 | 40f6 c40f | 0f84 1900 | 0000 4883 
  0x000001f71d81cea0: ec08 48b8 | 6019 cd94 | fb7f 0000 | ffd0 4883 | c408 e90c | 0000 0048 | b860 19cd | 94fb 7f00 
  0x000001f71d81cec0: 00ff d048 | 83c4 2048 | 8b5d e84c | 8b5b 0845 | 0fb7 5b2e | 41c1 e303 | 492b e348 | 83ec 2048 
  0x000001f71d81cee0: 83e4 f04c | 8b5b 604d | 85db 0f85 | ab00 0000 | e805 0000 | 00e9 9900 | 0000 488b | d348 8d44 
  0x000001f71d81cf00: 2408 4c89 | 6dc0 498b | cfc5 f877 | 4989 afb0 | 0300 0049 | 8987 a003 | 0000 4883 | ec20 40f6 
  0x000001f71d81cf20: c40f 0f84 | 1900 0000 | 4883 ec08 | 48b8 90e5 | 9594 fb7f | 0000 ffd0 | 4883 c408 | e90c 0000 
  0x000001f71d81cf40: 0048 b890 | e595 94fb | 7f00 00ff | d048 83c4 | 2049 c787 | a003 0000 | 0000 0000 | 49c7 87b0 
  0x000001f71d81cf60: 0300 0000 | 0000 0049 | c787 a803 | 0000 0000 | 0000 c5f8 | 7749 837f | 0800 0f84 | 0500 0000 
  0x000001f71d81cf80: e97b 3fff | ff4c 8b6d | c04c 8b75 | c84e 8d74 | f500 c348 | 8b5d e84c | 8b5b 6041 | ffd3 488b 
  0x000001f71d81cfa0: 5de8 4889 | 4518 448b | 5b28 41f6 | c308 0f84 | 1b00 0000 | 4c8b 5b08 | 4d8b 5b08 | 4d8b 5b18 
  0x000001f71d81cfc0: 4d8b 5b70 | 4d8b 1b4c | 895d 1048 | 8d55 1048 | 8b43 5849 | ba70 6ecd | 94fb 7f00 | 0049 3bc2 
  0x000001f71d81cfe0: 0f85 ab00 | 0000 e805 | 0000 00e9 | 9900 0000 | 488b d348 | 8d44 2408 | 4c89 6dc0 | 498b cfc5 
  0x000001f71d81d000: f877 4989 | afb0 0300 | 0049 8987 | a003 0000 | 4883 ec20 | 40f6 c40f | 0f84 1900 | 0000 4883 
  0x000001f71d81d020: ec08 48b8 | 90e5 9594 | fb7f 0000 | ffd0 4883 | c408 e90c | 0000 0048 | b890 e595 | 94fb 7f00 
  0x000001f71d81d040: 00ff d048 | 83c4 2049 | c787 a003 | 0000 0000 | 0000 49c7 | 87b0 0300 | 0000 0000 | 0049 c787 
  0x000001f71d81d060: a803 0000 | 0000 0000 | c5f8 7749 | 837f 0800 | 0f84 0500 | 0000 e985 | 3eff ff4c | 8b6d c04c 
  0x000001f71d81d080: 8b75 c84e | 8d74 f500 | c348 8b5d | e848 8b43 | 5849 8d8f | c003 0000 | c5f8 7749 | 89af b003 
  0x000001f71d81d0a0: 0000 49ba | 98d0 811d | f701 0000 | 4d89 97a8 | 0300 0049 | 89a7 a003 | 0000 41c7 | 8754 0400 
  0x000001f71d81d0c0: 0004 0000 | 00ff d0c5 | f877 4883 | ec10 c5fb | 1104 2448 | 83ec 1048 | 8904 2448 | c744 2408 
  0x000001f71d81d0e0: 0000 0000 | 41c7 8754 | 0400 0005 | 0000 00f0 | 8344 24c0 | 0049 3baf | 5804 0000 | 0f87 0e00 
  0x000001f71d81d100: 0000 4183 | bf50 0400 | 0000 0f84 | 2000 0000 | 498b cf4c | 8be4 4883 | ec20 4883 | e4f0 48b8 
  0x000001f71d81d120: 8040 9794 | fb7f 0000 | ffd0 498b | e44d 33e4 | 41c7 8754 | 0400 0008 | 0000 0049 | c787 a003 
  0x000001f71d81d140: 0000 0000 | 0000 49c7 | 87b0 0300 | 0000 0000 | 0049 c787 | a803 0000 | 0000 0000 | c5f8 774d 
  0x000001f71d81d160: 8b9f 3004 | 0000 41c7 | 8300 0100 | 0000 0000 | 0049 bb1a | a581 1df7 | 0100 004c | 3b5d 180f 
  0x000001f71d81d180: 8524 0300 | 0048 8b04 | 2448 83c4 | 1048 85c0 | 0f84 fe02 | 0000 a803 | 0f85 0800 | 0000 488b 
  0x000001f71d81d1a0: 00e9 ee02 | 0000 a801 | 0f85 0900 | 0000 488b | 40fe e9dd | 0200 0048 | 8b40 ff41 | 807f 3800 
  0x000001f71d81d1c0: 0f84 ce02 | 0000 4883 | f800 0f84 | c402 0000 | 4d8b 5f28 | 4983 fb00 | 0f84 1400 | 0000 4983 
  0x000001f71d81d1e0: eb08 4d89 | 5f28 4d03 | 5f30 4989 | 03e9 a202 | 0000 4881 | ec50 0100 | 0048 8904 | 2448 894c 
  0x000001f71d81d200: 2408 4889 | 5424 1048 | 8974 2418 | 4889 7c24 | 204c 8944 | 2428 4c89 | 4c24 304c | 8954 2438 
  0x000001f71d81d220: 4c89 5c24 | 40c5 fb11 | 4424 50c5 | fb11 4c24 | 58c5 fb11 | 5424 60c5 | fb11 5c24 | 68c5 fb11 
  0x000001f71d81d240: 6424 70c5 | fb11 6c24 | 78c5 fb11 | b424 8000 | 0000 c5fb | 11bc 2488 | 0000 00c5 | 7b11 8424 
  0x000001f71d81d260: 9000 0000 | c57b 118c | 2498 0000 | 00c5 7b11 | 9424 a000 | 0000 c57b | 119c 24a8 | 0000 00c5 
  0x000001f71d81d280: 7b11 a424 | b000 0000 | c57b 11ac | 24b8 0000 | 00c5 7b11 | b424 c000 | 0000 c57b | 11bc 24c8 
  0x000001f71d81d2a0: 0000 0062 | e1ff 0811 | 4424 1a62 | e1ff 0811 | 4c24 1b62 | e1ff 0811 | 5424 1c62 | e1ff 0811 
  0x000001f71d81d2c0: 5c24 1d62 | e1ff 0811 | 6424 1e62 | e1ff 0811 | 6c24 1f62 | e1ff 0811 | 7424 2062 | e1ff 0811 
  0x000001f71d81d2e0: 7c24 2162 | 61ff 0811 | 4424 2262 | 61ff 0811 | 4c24 2362 | 61ff 0811 | 5424 2462 | 61ff 0811 
  0x000001f71d81d300: 5c24 2562 | 61ff 0811 | 6424 2662 | 61ff 0811 | 6c24 2762 | 61ff 0811 | 7424 2862 | 61ff 0811 
  0x000001f71d81d320: 7c24 2949 | 8bd7 488b | c848 83ec | 2040 f6c4 | 0f0f 8419 | 0000 0048 | 83ec 0848 | b810 418a 
  0x000001f71d81d340: 94fb 7f00 | 00ff d048 | 83c4 08e9 | 0c00 0000 | 48b8 1041 | 8a94 fb7f | 0000 ffd0 | 4883 c420 
  0x000001f71d81d360: 6261 ff08 | 107c 2429 | 6261 ff08 | 1074 2428 | 6261 ff08 | 106c 2427 | 6261 ff08 | 1064 2426 
  0x000001f71d81d380: 6261 ff08 | 105c 2425 | 6261 ff08 | 1054 2424 | 6261 ff08 | 104c 2423 | 6261 ff08 | 1044 2422 
  0x000001f71d81d3a0: 62e1 ff08 | 107c 2421 | 62e1 ff08 | 1074 2420 | 62e1 ff08 | 106c 241f | 62e1 ff08 | 1064 241e 
  0x000001f71d81d3c0: 62e1 ff08 | 105c 241d | 62e1 ff08 | 1054 241c | 62e1 ff08 | 104c 241b | 62e1 ff08 | 1044 241a 
  0x000001f71d81d3e0: c57b 10bc | 24c8 0000 | 00c5 7b10 | b424 c000 | 0000 c57b | 10ac 24b8 | 0000 00c5 | 7b10 a424 
  0x000001f71d81d400: b000 0000 | c57b 109c | 24a8 0000 | 00c5 7b10 | 9424 a000 | 0000 c57b | 108c 2498 | 0000 00c5 
  0x000001f71d81d420: 7b10 8424 | 9000 0000 | c5fb 10bc | 2488 0000 | 00c5 fb10 | b424 8000 | 0000 c5fb | 106c 2478 
  0x000001f71d81d440: c5fb 1064 | 2470 c5fb | 105c 2468 | c5fb 1054 | 2460 c5fb | 104c 2458 | c5fb 1044 | 2450 4c8b 
  0x000001f71d81d460: 5c24 404c | 8b54 2438 | 4c8b 4c24 | 304c 8b44 | 2428 488b | 7c24 2048 | 8b74 2418 | 488b 5424 
  0x000001f71d81d480: 1048 8b4c | 2408 488b | 0424 4881 | c450 0100 | 00c5 f877 | 4889 4510 | 4883 ec10 | 4889 0424 
  0x000001f71d81d4a0: 48c7 4424 | 0800 0000 | 0041 83bf | d004 0000 | 020f 85bf | 0000 0048 | 81ec 8000 | 0000 4889 
  0x000001f71d81d4c0: 4424 7848 | 894c 2470 | 4889 5424 | 6848 895c | 2460 4889 | 6c24 5048 | 8974 2448 | 4889 7c24 
  0x000001f71d81d4e0: 404c 8944 | 2438 4c89 | 4c24 304c | 8954 2428 | 4c89 5c24 | 204c 8964 | 2418 4c89 | 6c24 104c 
  0x000001f71d81d500: 8974 2408 | 4c89 3c24 | 4c8b e448 | 83ec 2048 | 83e4 f048 | b840 51cd | 94fb 7f00 | 00ff d049 
  0x000001f71d81d520: 8be4 4c8b | 3c24 4c8b | 7424 084c | 8b6c 2410 | 4c8b 6424 | 184c 8b5c | 2420 4c8b | 5424 284c 
  0x000001f71d81d540: 8b4c 2430 | 4c8b 4424 | 3848 8b7c | 2440 488b | 7424 4848 | 8b6c 2450 | 488b 5c24 | 6048 8b54 
  0x000001f71d81d560: 2468 488b | 4c24 7048 | 8b44 2478 | 4881 c480 | 0000 004d | 33e4 488b | 5de8 4c8b | 6b08 4d8d 
  0x000001f71d81d580: 6d38 4983 | 7f08 000f | 84bb 0000 | 00e8 0500 | 0000 e996 | 0000 0048 | 8d44 2408 | 4c89 6dc0 
  0x000001f71d81d5a0: 498b cfc5 | f877 4989 | afb0 0300 | 0049 8987 | a003 0000 | 4883 ec20 | 40f6 c40f | 0f84 1900 
  0x000001f71d81d5c0: 0000 4883 | ec08 48b8 | c003 9694 | fb7f 0000 | ffd0 4883 | c408 e90c | 0000 0048 | b8c0 0396 
  0x000001f71d81d5e0: 94fb 7f00 | 00ff d048 | 83c4 2049 | c787 a003 | 0000 0000 | 0000 49c7 | 87b0 0300 | 0000 0000 
  0x000001f71d81d600: 0049 c787 | a803 0000 | 0000 0000 | c5f8 7749 | 837f 0800 | 0f84 0500 | 0000 e9e1 | 38ff ff4c 
  0x000001f71d81d620: 8b6d c04c | 8b75 c84e | 8d74 f500 | c348 b938 | b2f9 94fb | 7f00 0048 | 83e4 f048 | b870 b3bb 
  0x000001f71d81d640: 94fb 7f00 | 00ff d0f4 | 448b 5b28 | 41f6 c320 | 0f84 4401 | 0000 488d | 55a8 4c8b | 5a08 4d85 
  0x000001f71d81d660: db0f 85bb | 0000 00e8 | 0500 0000 | e996 0000 | 0048 8d44 | 2408 4c89 | 6dc0 498b | cfc5 f877 
  0x000001f71d81d680: 4989 afb0 | 0300 0049 | 8987 a003 | 0000 4883 | ec20 40f6 | c40f 0f84 | 1900 0000 | 4883 ec08 
  0x000001f71d81d6a0: 48b8 f002 | 9694 fb7f | 0000 ffd0 | 4883 c408 | e90c 0000 | 0048 b8f0 | 0296 94fb | 7f00 00ff 
  0x000001f71d81d6c0: d048 83c4 | 2049 c787 | a003 0000 | 0000 0000 | 49c7 87b0 | 0300 0000 | 0000 0049 | c787 a803 
  0x000001f71d81d6e0: 0000 0000 | 0000 c5f8 | 7749 837f | 0800 0f84 | 0500 0000 | e907 38ff | ff4c 8b6d | c04c 8b75 
  0x000001f71d81d700: c84e 8d74 | f500 c348 | b938 b2f9 | 94fb 7f00 | 0048 83e4 | f048 b870 | b3bb 94fb | 7f00 00ff 
  0x000001f71d81d720: d0f4 4c89 | 6dc0 488d | 024c 8b4a | 0848 c742 | 0800 0000 | 004c 8b00 | 4d85 c00f | 840b 0000 
  0x000001f71d81d740: 00f0 4d0f | b101 0f85 | 0c00 0000 | 49ff 8f58 | 0500 00e9 | 3e00 0000 | 4c89 4a08 | 488b ca48 
  0x000001f71d81d760: 83ec 2040 | f6c4 0f0f | 8419 0000 | 0048 83ec | 0848 b8a0 | d595 94fb | 7f00 00ff | d048 83c4 
  0x000001f71d81d780: 08e9 0c00 | 0000 48b8 | a0d5 9594 | fb7f 0000 | ffd0 4883 | c420 4c8b | 6dc0 49ba | c873 2395 
  0x000001f71d81d7a0: fb7f 0000 | 4180 3a00 | 0f84 3e00 | 0000 488b | 55e8 498b | cf48 83ec | 2040 f6c4 | 0f0f 8419 
  0x000001f71d81d7c0: 0000 0048 | 83ec 0848 | b860 19cd | 94fb 7f00 | 00ff d048 | 83c4 08e9 | 0c00 0000 | 48b8 6019 
  0x000001f71d81d7e0: cd94 fb7f | 0000 ffd0 | 4883 c420 | 488b 0424 | 4883 c410 | c5fb 1004 | 2448 83c4 | 104c 8b5d 
  0x000001f71d81d800: 1841 ffd3 | 4c8b 5df8 | c95f 498b | e3ff e7ba | 0000 0000 | e805 0000 | 00e9 9600 | 0000 488d 
  0x000001f71d81d820: 4424 084c | 896d c049 | 8bcf c5f8 | 7749 89af | b003 0000 | 4989 87a0 | 0300 0048 | 83ec 2040 
  0x000001f71d81d840: f6c4 0f0f | 8419 0000 | 0048 83ec | 0848 b870 | c995 94fb | 7f00 00ff | d048 83c4 | 08e9 0c00 
  0x000001f71d81d860: 0000 48b8 | 70c9 9594 | fb7f 0000 | ffd0 4883 | c420 49c7 | 87a0 0300 | 0000 0000 | 0049 c787 
  0x000001f71d81d880: b003 0000 | 0000 0000 | 49c7 87a8 | 0300 0000 | 0000 00c5 | f877 4983 | 7f08 000f | 8405 0000 
  0x000001f71d81d8a0: 00e9 5a36 | ffff 4c8b | 6dc0 4c8b | 75c8 4e8d | 74f5 00c3 | 488b 5de8 | e95b f5ff | ff66 6690 
[/MachCode]

---------------  P R O C E S S  ---------------

Threads class SMR info:
_java_thread_list=0x000001f7747b0f60, length=20, elements={
0x000001f72cd6d760, 0x000001f72cd6efd0, 0x000001f72cd74700, 0x000001f72cd75250,
0x000001f72cd7aad0, 0x000001f72cd84350, 0x000001f72cd85cf0, 0x000001f72cd8d3d0,
0x000001f72cd35d50, 0x000001f7722ceb40, 0x000001f7722cf1b0, 0x000001f7723dc040,
0x000001f7728c98b0, 0x000001f7728cd760, 0x000001f772e3aaf0, 0x000001f7746fa7e0,
0x000001f774bf7ee0, 0x000001f77301ba00, 0x000001f77301a650, 0x000001f77301ace0
}

Java Threads: ( => current thread )
  0x000001f72cd6d760 JavaThread "Reference Handler"          daemon [_thread_blocked, id=6380, stack(0x0000002355000000,0x0000002355100000) (1024K)]
  0x000001f72cd6efd0 JavaThread "Finalizer"                  daemon [_thread_blocked, id=4208, stack(0x0000002355100000,0x0000002355200000) (1024K)]
  0x000001f72cd74700 JavaThread "Signal Dispatcher"          daemon [_thread_blocked, id=15208, stack(0x0000002355200000,0x0000002355300000) (1024K)]
  0x000001f72cd75250 JavaThread "Attach Listener"            daemon [_thread_blocked, id=3940, stack(0x0000002355300000,0x0000002355400000) (1024K)]
  0x000001f72cd7aad0 JavaThread "Service Thread"             daemon [_thread_blocked, id=10776, stack(0x0000002355400000,0x0000002355500000) (1024K)]
  0x000001f72cd84350 JavaThread "Monitor Deflation Thread"   daemon [_thread_blocked, id=15188, stack(0x0000002355500000,0x0000002355600000) (1024K)]
  0x000001f72cd85cf0 JavaThread "C2 CompilerThread0"         daemon [_thread_blocked, id=20256, stack(0x0000002355600000,0x0000002355700000) (1024K)]
  0x000001f72cd8d3d0 JavaThread "C1 CompilerThread0"         daemon [_thread_blocked, id=2408, stack(0x0000002355700000,0x0000002355800000) (1024K)]
  0x000001f72cd35d50 JavaThread "Common-Cleaner"             daemon [_thread_blocked, id=10908, stack(0x0000002355800000,0x0000002355900000) (1024K)]
  0x000001f7722ceb40 JavaThread "Monitor Ctrl-Break"         daemon [_thread_in_native, id=16760, stack(0x0000002355a00000,0x0000002355b00000) (1024K)]
  0x000001f7722cf1b0 JavaThread "Notification Thread"        daemon [_thread_blocked, id=16512, stack(0x0000002355b00000,0x0000002355c00000) (1024K)]
  0x000001f7723dc040 JavaThread "Java2D Disposer"            daemon [_thread_blocked, id=5360, stack(0x0000002355c00000,0x0000002355d00000) (1024K)]
  0x000001f7728c98b0 JavaThread "AWT-Shutdown"                      [_thread_blocked, id=6432, stack(0x0000002355d00000,0x0000002355e00000) (1024K)]
=>0x000001f7728cd760 JavaThread "AWT-Windows"                daemon [_thread_in_native, id=11700, stack(0x0000002355e00000,0x0000002355f00000) (1024K)]
  0x000001f772e3aaf0 JavaThread "RMI TCP Accept-0"           daemon [_thread_in_native, id=5496, stack(0x0000002356100000,0x0000002356200000) (1024K)]
  0x000001f7746fa7e0 JavaThread "RMI TCP Connection(1)-192.168.50.15" daemon [_thread_in_native, id=4088, stack(0x0000002356200000,0x0000002356300000) (1024K)]
  0x000001f774bf7ee0 JavaThread "RMI Scheduler(0)"           daemon [_thread_blocked, id=9960, stack(0x0000002356300000,0x0000002356400000) (1024K)]
  0x000001f77301ba00 JavaThread "JMX server connection timeout 31" daemon [_thread_blocked, id=6020, stack(0x0000002356b00000,0x0000002356c00000) (1024K)]
  0x000001f77301a650 JavaThread "AWT-EventQueue-0"                  [_thread_in_native, id=20776, stack(0x0000002356c00000,0x0000002356d00000) (1024K)]
  0x000001f77301ace0 JavaThread "DestroyJavaVM"                     [_thread_blocked, id=5764, stack(0x0000002354800000,0x0000002354900000) (1024K)]
Total: 20

Other Threads:
  0x000001f72cd4df00 VMThread "VM Thread"                           [id=13996, stack(0x0000002354f00000,0x0000002355000000) (1024K)]
  0x000001f72cd34190 WatcherThread "VM Periodic Task Thread"        [id=1540, stack(0x0000002354e00000,0x0000002354f00000) (1024K)]
  0x000001f70bc7dd70 WorkerThread "GC Thread#0"                     [id=12668, stack(0x0000002354900000,0x0000002354a00000) (1024K)]
  0x000001f77476f0d0 WorkerThread "GC Thread#1"                     [id=22316, stack(0x0000002356400000,0x0000002356500000) (1024K)]
  0x000001f77476f480 WorkerThread "GC Thread#2"                     [id=16344, stack(0x0000002356500000,0x0000002356600000) (1024K)]
  0x000001f774664e40 WorkerThread "GC Thread#3"                     [id=15196, stack(0x0000002356600000,0x0000002356700000) (1024K)]
  0x000001f7746651f0 WorkerThread "GC Thread#4"                     [id=20212, stack(0x0000002356700000,0x0000002356800000) (1024K)]
  0x000001f772dbc650 WorkerThread "GC Thread#5"                     [id=12516, stack(0x0000002356800000,0x0000002356900000) (1024K)]
  0x000001f772dbca00 WorkerThread "GC Thread#6"                     [id=21820, stack(0x0000002356900000,0x0000002356a00000) (1024K)]
  0x000001f772dbd1c0 WorkerThread "GC Thread#7"                     [id=17936, stack(0x0000002356a00000,0x0000002356b00000) (1024K)]
  0x000001f70ddc0c10 ConcurrentGCThread "G1 Main Marker"            [id=15840, stack(0x0000002354a00000,0x0000002354b00000) (1024K)]
  0x000001f70ddc23b0 WorkerThread "G1 Conc#0"                       [id=5244, stack(0x0000002354b00000,0x0000002354c00000) (1024K)]
  0x000001f72cc055a0 ConcurrentGCThread "G1 Refine#0"               [id=20936, stack(0x0000002354c00000,0x0000002354d00000) (1024K)]
  0x000001f72cc05f30 ConcurrentGCThread "G1 Service"                [id=22416, stack(0x0000002354d00000,0x0000002354e00000) (1024K)]
Total: 14

Threads with active compile tasks:
Total: 0

VM state: not at safepoint (normal execution)

VM Mutex/Monitor currently owned by a thread: None

Heap address: 0x0000000709a00000, size: 3942 MB, Compressed Oops mode: Zero based, Oop shift amount: 3

CDS archive(s) mapped at: [0x000001f72d000000-0x000001f72dc60000-0x000001f72dc60000), size 12976128, SharedBaseAddress: 0x000001f72d000000, ArchiveRelocationMode: 1.
Compressed class space mapped at: 0x000001f72e000000-0x000001f76e000000, reserved size: 1073741824
Narrow klass base: 0x000001f72d000000, Narrow klass shift: 0, Narrow klass range: 0x41000000

GC Precious Log:
 CardTable entry size: 512
 Card Set container configuration: InlinePtr #cards 4 size 8 Array Of Cards #cards 16 size 48 Howl #buckets 8 coarsen threshold 3686 Howl Bitmap #cards 512 size 80 coarsen threshold 460 Card regions per heap region 1 cards per card region 4096
 CPUs: 8 total, 8 available
 Memory: 15761M
 Large Page Support: Disabled
 NUMA Support: Disabled
 Compressed Oops: Enabled (Zero based)
 Heap Region Size: 2M
 Heap Min Capacity: 8M
 Heap Initial Capacity: 248M
 Heap Max Capacity: 3942M
 Pre-touch: Disabled
 Parallel Workers: 8
 Concurrent Workers: 2
 Concurrent Refinement Workers: 8
 Periodic GC: Disabled

Heap:
 garbage-first heap   total reserved 4036608K, committed 253952K, used 23603K [0x0000000709a00000, 0x0000000800000000)
  region size 2048K, 5 young (10240K), 2 survivors (4096K)
 Metaspace       used 12335K, committed 12672K, reserved 1114112K
  class space    used 1365K, committed 1536K, reserved 1048576K

Heap Regions: E=young(eden), S=young(survivor), O=old, HS=humongous(starts), HC=humongous(continues), CS=collection set, F=free, TAMS=top-at-mark-start, PB=parsable bottom
|   0|0x0000000709a00000, 0x0000000709c00000, 0x0000000709c00000|100%|HS|  |TAMS 0x0000000709a00000| PB 0x0000000709a00000| Complete |  0
|   1|0x0000000709c00000, 0x0000000709e00000, 0x0000000709e00000|100%|HC|  |TAMS 0x0000000709c00000| PB 0x0000000709c00000| Complete |  0
|   2|0x0000000709e00000, 0x000000070a000000, 0x000000070a000000|100%|HC|  |TAMS 0x0000000709e00000| PB 0x0000000709e00000| Complete |  0
|   3|0x000000070a000000, 0x000000070a200000, 0x000000070a200000|100%|HC|  |TAMS 0x000000070a000000| PB 0x000000070a000000| Complete |  0
|   4|0x000000070a200000, 0x000000070a400000, 0x000000070a400000|100%|HS|  |TAMS 0x000000070a200000| PB 0x000000070a200000| Complete |  0
|   5|0x000000070a400000, 0x000000070a600000, 0x000000070a600000|100%|HC|  |TAMS 0x000000070a400000| PB 0x000000070a400000| Complete |  0
|   6|0x000000070a600000, 0x000000070a800000, 0x000000070a800000|100%|HC|  |TAMS 0x000000070a600000| PB 0x000000070a600000| Complete |  0
|   7|0x000000070a800000, 0x000000070aa00000, 0x000000070aa00000|100%|HC|  |TAMS 0x000000070a800000| PB 0x000000070a800000| Complete |  0
|   8|0x000000070aa00000, 0x000000070aa00000, 0x000000070ac00000|  0%| F|  |TAMS 0x000000070aa00000| PB 0x000000070aa00000| Untracked |  0
|   9|0x000000070ac00000, 0x000000070ac00000, 0x000000070ae00000|  0%| F|  |TAMS 0x000000070ac00000| PB 0x000000070ac00000| Untracked |  0
|  10|0x000000070ae00000, 0x000000070ae00000, 0x000000070b000000|  0%| F|  |TAMS 0x000000070ae00000| PB 0x000000070ae00000| Untracked |  0
|  11|0x000000070b000000, 0x000000070b000000, 0x000000070b200000|  0%| F|  |TAMS 0x000000070b000000| PB 0x000000070b000000| Untracked |  0
|  12|0x000000070b200000, 0x000000070b200000, 0x000000070b400000|  0%| F|  |TAMS 0x000000070b200000| PB 0x000000070b200000| Untracked |  0
|  13|0x000000070b400000, 0x000000070b400000, 0x000000070b600000|  0%| F|  |TAMS 0x000000070b400000| PB 0x000000070b400000| Untracked |  0
|  14|0x000000070b600000, 0x000000070b600000, 0x000000070b800000|  0%| F|  |TAMS 0x000000070b600000| PB 0x000000070b600000| Untracked |  0
|  15|0x000000070b800000, 0x000000070b800000, 0x000000070ba00000|  0%| F|  |TAMS 0x000000070b800000| PB 0x000000070b800000| Untracked |  0
|  16|0x000000070ba00000, 0x000000070ba00000, 0x000000070bc00000|  0%| F|  |TAMS 0x000000070ba00000| PB 0x000000070ba00000| Untracked |  0
|  17|0x000000070bc00000, 0x000000070bc00000, 0x000000070be00000|  0%| F|  |TAMS 0x000000070bc00000| PB 0x000000070bc00000| Untracked |  0
|  18|0x000000070be00000, 0x000000070be00000, 0x000000070c000000|  0%| F|  |TAMS 0x000000070be00000| PB 0x000000070be00000| Untracked |  0
|  19|0x000000070c000000, 0x000000070c000000, 0x000000070c200000|  0%| F|  |TAMS 0x000000070c000000| PB 0x000000070c000000| Untracked |  0
|  20|0x000000070c200000, 0x000000070c200000, 0x000000070c400000|  0%| F|  |TAMS 0x000000070c200000| PB 0x000000070c200000| Untracked |  0
|  21|0x000000070c400000, 0x000000070c400000, 0x000000070c600000|  0%| F|  |TAMS 0x000000070c400000| PB 0x000000070c400000| Untracked |  0
|  22|0x000000070c600000, 0x000000070c600000, 0x000000070c800000|  0%| F|  |TAMS 0x000000070c600000| PB 0x000000070c600000| Untracked |  0
|  23|0x000000070c800000, 0x000000070c800000, 0x000000070ca00000|  0%| F|  |TAMS 0x000000070c800000| PB 0x000000070c800000| Untracked |  0
|  24|0x000000070ca00000, 0x000000070ca00000, 0x000000070cc00000|  0%| F|  |TAMS 0x000000070ca00000| PB 0x000000070ca00000| Untracked |  0
|  25|0x000000070cc00000, 0x000000070cc00000, 0x000000070ce00000|  0%| F|  |TAMS 0x000000070cc00000| PB 0x000000070cc00000| Untracked |  0
|  26|0x000000070ce00000, 0x000000070ce00000, 0x000000070d000000|  0%| F|  |TAMS 0x000000070ce00000| PB 0x000000070ce00000| Untracked |  0
|  27|0x000000070d000000, 0x000000070d000000, 0x000000070d200000|  0%| F|  |TAMS 0x000000070d000000| PB 0x000000070d000000| Untracked |  0
|  28|0x000000070d200000, 0x000000070d200000, 0x000000070d400000|  0%| F|  |TAMS 0x000000070d200000| PB 0x000000070d200000| Untracked |  0
|  29|0x000000070d400000, 0x000000070d400000, 0x000000070d600000|  0%| F|  |TAMS 0x000000070d400000| PB 0x000000070d400000| Untracked |  0
|  30|0x000000070d600000, 0x000000070d600000, 0x000000070d800000|  0%| F|  |TAMS 0x000000070d600000| PB 0x000000070d600000| Untracked |  0
|  31|0x000000070d800000, 0x000000070d800000, 0x000000070da00000|  0%| F|  |TAMS 0x000000070d800000| PB 0x000000070d800000| Untracked |  0
|  32|0x000000070da00000, 0x000000070da00000, 0x000000070dc00000|  0%| F|  |TAMS 0x000000070da00000| PB 0x000000070da00000| Untracked |  0
|  33|0x000000070dc00000, 0x000000070dc00000, 0x000000070de00000|  0%| F|  |TAMS 0x000000070dc00000| PB 0x000000070dc00000| Untracked |  0
|  34|0x000000070de00000, 0x000000070de00000, 0x000000070e000000|  0%| F|  |TAMS 0x000000070de00000| PB 0x000000070de00000| Untracked |  0
|  35|0x000000070e000000, 0x000000070e000000, 0x000000070e200000|  0%| F|  |TAMS 0x000000070e000000| PB 0x000000070e000000| Untracked |  0
|  36|0x000000070e200000, 0x000000070e200000, 0x000000070e400000|  0%| F|  |TAMS 0x000000070e200000| PB 0x000000070e200000| Untracked |  0
|  37|0x000000070e400000, 0x000000070e400000, 0x000000070e600000|  0%| F|  |TAMS 0x000000070e400000| PB 0x000000070e400000| Untracked |  0
|  38|0x000000070e600000, 0x000000070e600000, 0x000000070e800000|  0%| F|  |TAMS 0x000000070e600000| PB 0x000000070e600000| Untracked |  0
|  39|0x000000070e800000, 0x000000070e800000, 0x000000070ea00000|  0%| F|  |TAMS 0x000000070e800000| PB 0x000000070e800000| Untracked |  0
|  40|0x000000070ea00000, 0x000000070ea00000, 0x000000070ec00000|  0%| F|  |TAMS 0x000000070ea00000| PB 0x000000070ea00000| Untracked |  0
|  41|0x000000070ec00000, 0x000000070ec00000, 0x000000070ee00000|  0%| F|  |TAMS 0x000000070ec00000| PB 0x000000070ec00000| Untracked |  0
|  42|0x000000070ee00000, 0x000000070ee00000, 0x000000070f000000|  0%| F|  |TAMS 0x000000070ee00000| PB 0x000000070ee00000| Untracked |  0
|  43|0x000000070f000000, 0x000000070f000000, 0x000000070f200000|  0%| F|  |TAMS 0x000000070f000000| PB 0x000000070f000000| Untracked |  0
|  44|0x000000070f200000, 0x000000070f200000, 0x000000070f400000|  0%| F|  |TAMS 0x000000070f200000| PB 0x000000070f200000| Untracked |  0
|  45|0x000000070f400000, 0x000000070f400000, 0x000000070f600000|  0%| F|  |TAMS 0x000000070f400000| PB 0x000000070f400000| Untracked |  0
|  46|0x000000070f600000, 0x000000070f600000, 0x000000070f800000|  0%| F|  |TAMS 0x000000070f600000| PB 0x000000070f600000| Untracked |  0
|  47|0x000000070f800000, 0x000000070f800000, 0x000000070fa00000|  0%| F|  |TAMS 0x000000070f800000| PB 0x000000070f800000| Untracked |  0
|  48|0x000000070fa00000, 0x000000070fa00000, 0x000000070fc00000|  0%| F|  |TAMS 0x000000070fa00000| PB 0x000000070fa00000| Untracked |  0
|  49|0x000000070fc00000, 0x000000070fc00000, 0x000000070fe00000|  0%| F|  |TAMS 0x000000070fc00000| PB 0x000000070fc00000| Untracked |  0
|  50|0x000000070fe00000, 0x000000070fe00000, 0x0000000710000000|  0%| F|  |TAMS 0x000000070fe00000| PB 0x000000070fe00000| Untracked |  0
|  51|0x0000000710000000, 0x0000000710000000, 0x0000000710200000|  0%| F|  |TAMS 0x0000000710000000| PB 0x0000000710000000| Untracked |  0
|  52|0x0000000710200000, 0x0000000710200000, 0x0000000710400000|  0%| F|  |TAMS 0x0000000710200000| PB 0x0000000710200000| Untracked |  0
|  53|0x0000000710400000, 0x0000000710400000, 0x0000000710600000|  0%| F|  |TAMS 0x0000000710400000| PB 0x0000000710400000| Untracked |  0
|  54|0x0000000710600000, 0x0000000710600000, 0x0000000710800000|  0%| F|  |TAMS 0x0000000710600000| PB 0x0000000710600000| Untracked |  0
|  55|0x0000000710800000, 0x0000000710800000, 0x0000000710a00000|  0%| F|  |TAMS 0x0000000710800000| PB 0x0000000710800000| Untracked |  0
|  56|0x0000000710a00000, 0x0000000710a00000, 0x0000000710c00000|  0%| F|  |TAMS 0x0000000710a00000| PB 0x0000000710a00000| Untracked |  0
|  57|0x0000000710c00000, 0x0000000710c00000, 0x0000000710e00000|  0%| F|  |TAMS 0x0000000710c00000| PB 0x0000000710c00000| Untracked |  0
|  58|0x0000000710e00000, 0x0000000710e00000, 0x0000000711000000|  0%| F|  |TAMS 0x0000000710e00000| PB 0x0000000710e00000| Untracked |  0
|  59|0x0000000711000000, 0x0000000711000000, 0x0000000711200000|  0%| F|  |TAMS 0x0000000711000000| PB 0x0000000711000000| Untracked |  0
|  60|0x0000000711200000, 0x0000000711200000, 0x0000000711400000|  0%| F|  |TAMS 0x0000000711200000| PB 0x0000000711200000| Untracked |  0
|  61|0x0000000711400000, 0x0000000711400000, 0x0000000711600000|  0%| F|  |TAMS 0x0000000711400000| PB 0x0000000711400000| Untracked |  0
|  62|0x0000000711600000, 0x0000000711600000, 0x0000000711800000|  0%| F|  |TAMS 0x0000000711600000| PB 0x0000000711600000| Untracked |  0
|  63|0x0000000711800000, 0x0000000711800000, 0x0000000711a00000|  0%| F|  |TAMS 0x0000000711800000| PB 0x0000000711800000| Untracked |  0
|  64|0x0000000711a00000, 0x0000000711a00000, 0x0000000711c00000|  0%| F|  |TAMS 0x0000000711a00000| PB 0x0000000711a00000| Untracked |  0
|  65|0x0000000711c00000, 0x0000000711c00000, 0x0000000711e00000|  0%| F|  |TAMS 0x0000000711c00000| PB 0x0000000711c00000| Untracked |  0
|  66|0x0000000711e00000, 0x0000000711e00000, 0x0000000712000000|  0%| F|  |TAMS 0x0000000711e00000| PB 0x0000000711e00000| Untracked |  0
|  67|0x0000000712000000, 0x0000000712000000, 0x0000000712200000|  0%| F|  |TAMS 0x0000000712000000| PB 0x0000000712000000| Untracked |  0
|  68|0x0000000712200000, 0x0000000712200000, 0x0000000712400000|  0%| F|  |TAMS 0x0000000712200000| PB 0x0000000712200000| Untracked |  0
|  69|0x0000000712400000, 0x0000000712400000, 0x0000000712600000|  0%| F|  |TAMS 0x0000000712400000| PB 0x0000000712400000| Untracked |  0
|  70|0x0000000712600000, 0x0000000712600000, 0x0000000712800000|  0%| F|  |TAMS 0x0000000712600000| PB 0x0000000712600000| Untracked |  0
|  71|0x0000000712800000, 0x0000000712800000, 0x0000000712a00000|  0%| F|  |TAMS 0x0000000712800000| PB 0x0000000712800000| Untracked |  0
|  72|0x0000000712a00000, 0x0000000712a00000, 0x0000000712c00000|  0%| F|  |TAMS 0x0000000712a00000| PB 0x0000000712a00000| Untracked |  0
|  73|0x0000000712c00000, 0x0000000712c00000, 0x0000000712e00000|  0%| F|  |TAMS 0x0000000712c00000| PB 0x0000000712c00000| Untracked |  0
|  74|0x0000000712e00000, 0x0000000712e00000, 0x0000000713000000|  0%| F|  |TAMS 0x0000000712e00000| PB 0x0000000712e00000| Untracked |  0
|  75|0x0000000713000000, 0x0000000713000000, 0x0000000713200000|  0%| F|  |TAMS 0x0000000713000000| PB 0x0000000713000000| Untracked |  0
|  76|0x0000000713200000, 0x0000000713200000, 0x0000000713400000|  0%| F|  |TAMS 0x0000000713200000| PB 0x0000000713200000| Untracked |  0
|  77|0x0000000713400000, 0x0000000713400000, 0x0000000713600000|  0%| F|  |TAMS 0x0000000713400000| PB 0x0000000713400000| Untracked |  0
|  78|0x0000000713600000, 0x0000000713600000, 0x0000000713800000|  0%| F|  |TAMS 0x0000000713600000| PB 0x0000000713600000| Untracked |  0
|  79|0x0000000713800000, 0x0000000713800000, 0x0000000713a00000|  0%| F|  |TAMS 0x0000000713800000| PB 0x0000000713800000| Untracked |  0
|  80|0x0000000713a00000, 0x0000000713a00000, 0x0000000713c00000|  0%| F|  |TAMS 0x0000000713a00000| PB 0x0000000713a00000| Untracked |  0
|  81|0x0000000713c00000, 0x0000000713c00000, 0x0000000713e00000|  0%| F|  |TAMS 0x0000000713c00000| PB 0x0000000713c00000| Untracked |  0
|  82|0x0000000713e00000, 0x0000000713e00000, 0x0000000714000000|  0%| F|  |TAMS 0x0000000713e00000| PB 0x0000000713e00000| Untracked |  0
|  83|0x0000000714000000, 0x0000000714000000, 0x0000000714200000|  0%| F|  |TAMS 0x0000000714000000| PB 0x0000000714000000| Untracked |  0
|  84|0x0000000714200000, 0x0000000714200000, 0x0000000714400000|  0%| F|  |TAMS 0x0000000714200000| PB 0x0000000714200000| Untracked |  0
|  85|0x0000000714400000, 0x0000000714400000, 0x0000000714600000|  0%| F|  |TAMS 0x0000000714400000| PB 0x0000000714400000| Untracked |  0
|  86|0x0000000714600000, 0x0000000714600000, 0x0000000714800000|  0%| F|  |TAMS 0x0000000714600000| PB 0x0000000714600000| Untracked |  0
|  87|0x0000000714800000, 0x0000000714800000, 0x0000000714a00000|  0%| F|  |TAMS 0x0000000714800000| PB 0x0000000714800000| Untracked |  0
|  88|0x0000000714a00000, 0x0000000714a00000, 0x0000000714c00000|  0%| F|  |TAMS 0x0000000714a00000| PB 0x0000000714a00000| Untracked |  0
|  89|0x0000000714c00000, 0x0000000714c00000, 0x0000000714e00000|  0%| F|  |TAMS 0x0000000714c00000| PB 0x0000000714c00000| Untracked |  0
|  90|0x0000000714e00000, 0x0000000714e00000, 0x0000000715000000|  0%| F|  |TAMS 0x0000000714e00000| PB 0x0000000714e00000| Untracked |  0
|  91|0x0000000715000000, 0x0000000715000000, 0x0000000715200000|  0%| F|  |TAMS 0x0000000715000000| PB 0x0000000715000000| Untracked |  0
|  92|0x0000000715200000, 0x0000000715200000, 0x0000000715400000|  0%| F|  |TAMS 0x0000000715200000| PB 0x0000000715200000| Untracked |  0
|  93|0x0000000715400000, 0x0000000715400000, 0x0000000715600000|  0%| F|  |TAMS 0x0000000715400000| PB 0x0000000715400000| Untracked |  0
|  94|0x0000000715600000, 0x0000000715600000, 0x0000000715800000|  0%| F|  |TAMS 0x0000000715600000| PB 0x0000000715600000| Untracked |  0
|  95|0x0000000715800000, 0x0000000715800000, 0x0000000715a00000|  0%| F|  |TAMS 0x0000000715800000| PB 0x0000000715800000| Untracked |  0
|  96|0x0000000715a00000, 0x0000000715a00000, 0x0000000715c00000|  0%| F|  |TAMS 0x0000000715a00000| PB 0x0000000715a00000| Untracked |  0
|  97|0x0000000715c00000, 0x0000000715c00000, 0x0000000715e00000|  0%| F|  |TAMS 0x0000000715c00000| PB 0x0000000715c00000| Untracked |  0
|  98|0x0000000715e00000, 0x0000000715e00000, 0x0000000716000000|  0%| F|  |TAMS 0x0000000715e00000| PB 0x0000000715e00000| Untracked |  0
|  99|0x0000000716000000, 0x0000000716000000, 0x0000000716200000|  0%| F|  |TAMS 0x0000000716000000| PB 0x0000000716000000| Untracked |  0
| 100|0x0000000716200000, 0x0000000716200000, 0x0000000716400000|  0%| F|  |TAMS 0x0000000716200000| PB 0x0000000716200000| Untracked |  0
| 101|0x0000000716400000, 0x0000000716400000, 0x0000000716600000|  0%| F|  |TAMS 0x0000000716400000| PB 0x0000000716400000| Untracked |  0
| 102|0x0000000716600000, 0x0000000716600000, 0x0000000716800000|  0%| F|  |TAMS 0x0000000716600000| PB 0x0000000716600000| Untracked |  0
| 103|0x0000000716800000, 0x0000000716800000, 0x0000000716a00000|  0%| F|  |TAMS 0x0000000716800000| PB 0x0000000716800000| Untracked |  0
| 104|0x0000000716a00000, 0x0000000716a00000, 0x0000000716c00000|  0%| F|  |TAMS 0x0000000716a00000| PB 0x0000000716a00000| Untracked |  0
| 105|0x0000000716c00000, 0x0000000716c00000, 0x0000000716e00000|  0%| F|  |TAMS 0x0000000716c00000| PB 0x0000000716c00000| Untracked |  0
| 106|0x0000000716e00000, 0x0000000716e00000, 0x0000000717000000|  0%| F|  |TAMS 0x0000000716e00000| PB 0x0000000716e00000| Untracked |  0
| 107|0x0000000717000000, 0x0000000717000000, 0x0000000717200000|  0%| F|  |TAMS 0x0000000717000000| PB 0x0000000717000000| Untracked |  0
| 108|0x0000000717200000, 0x0000000717200000, 0x0000000717400000|  0%| F|  |TAMS 0x0000000717200000| PB 0x0000000717200000| Untracked |  0
| 109|0x0000000717400000, 0x0000000717400000, 0x0000000717600000|  0%| F|  |TAMS 0x0000000717400000| PB 0x0000000717400000| Untracked |  0
| 110|0x0000000717600000, 0x000000071770cc68, 0x0000000717800000| 52%| S|CS|TAMS 0x0000000717600000| PB 0x0000000717600000| Complete |  0
| 111|0x0000000717800000, 0x0000000717a00000, 0x0000000717a00000|100%| S|CS|TAMS 0x0000000717800000| PB 0x0000000717800000| Complete |  0
| 112|0x0000000717a00000, 0x0000000717a00000, 0x0000000717c00000|  0%| F|  |TAMS 0x0000000717a00000| PB 0x0000000717a00000| Untracked |  0
| 113|0x0000000717c00000, 0x0000000717c00000, 0x0000000717e00000|  0%| F|  |TAMS 0x0000000717c00000| PB 0x0000000717c00000| Untracked |  0
| 114|0x0000000717e00000, 0x0000000717e00000, 0x0000000718000000|  0%| F|  |TAMS 0x0000000717e00000| PB 0x0000000717e00000| Untracked |  0
| 115|0x0000000718000000, 0x0000000718000000, 0x0000000718200000|  0%| F|  |TAMS 0x0000000718000000| PB 0x0000000718000000| Untracked |  0
| 116|0x0000000718200000, 0x0000000718200000, 0x0000000718400000|  0%| F|  |TAMS 0x0000000718200000| PB 0x0000000718200000| Untracked |  0
| 117|0x0000000718400000, 0x0000000718400000, 0x0000000718600000|  0%| F|  |TAMS 0x0000000718400000| PB 0x0000000718400000| Untracked |  0
| 118|0x0000000718600000, 0x0000000718600000, 0x0000000718800000|  0%| F|  |TAMS 0x0000000718600000| PB 0x0000000718600000| Untracked |  0
| 119|0x0000000718800000, 0x0000000718800000, 0x0000000718a00000|  0%| F|  |TAMS 0x0000000718800000| PB 0x0000000718800000| Untracked |  0
| 120|0x0000000718a00000, 0x0000000718a00000, 0x0000000718c00000|  0%| F|  |TAMS 0x0000000718a00000| PB 0x0000000718a00000| Untracked |  0
| 121|0x0000000718c00000, 0x0000000718d6d9d8, 0x0000000718e00000| 71%| E|  |TAMS 0x0000000718c00000| PB 0x0000000718c00000| Complete |  0
| 122|0x0000000718e00000, 0x0000000719000000, 0x0000000719000000|100%| E|CS|TAMS 0x0000000718e00000| PB 0x0000000718e00000| Complete |  0
| 123|0x0000000719000000, 0x0000000719200000, 0x0000000719200000|100%| E|CS|TAMS 0x0000000719000000| PB 0x0000000719000000| Complete |  0

Card table byte_map: [0x000001f725dd0000,0x000001f726590000] _byte_map_base: 0x000001f722583000

Marking Bits: (CMBitMap*) 0x000001f70bc7e480
 Bits: [0x000001f726590000, 0x000001f72a328000)

Polling page: 0x000001f70bcb0000

Metaspace:

Usage:
  Non-class:     10.71 MB used.
      Class:      1.33 MB used.
       Both:     12.05 MB used.

Virtual space:
  Non-class space:       64.00 MB reserved,      10.88 MB ( 17%) committed,  1 nodes.
      Class space:        1.00 GB reserved,       1.50 MB ( <1%) committed,  1 nodes.
             Both:        1.06 GB reserved,      12.38 MB (  1%) committed. 

Chunk freelists:
   Non-Class:  4.97 MB
       Class:  14.53 MB
        Both:  19.50 MB

MaxMetaspaceSize: unlimited
CompressedClassSpaceSize: 1.00 GB
Initial GC threshold: 21.00 MB
Current GC threshold: 21.00 MB
CDS: on
 - commit_granule_bytes: 65536.
 - commit_granule_words: 8192.
 - virtual_space_node_default_size: 8388608.
 - enlarge_chunks_in_place: 1.
 - use_allocation_guard: 0.


Internal statistics:

num_allocs_failed_limit: 0.
num_arena_births: 364.
num_arena_deaths: 0.
num_vsnodes_births: 2.
num_vsnodes_deaths: 0.
num_space_committed: 198.
num_space_uncommitted: 0.
num_chunks_returned_to_freelist: 0.
num_chunks_taken_from_freelist: 477.
num_chunk_merges: 0.
num_chunk_splits: 277.
num_chunks_enlarged: 107.
num_inconsistent_stats: 0.

CodeHeap 'non-profiled nmethods': size=120000Kb used=659Kb max_used=659Kb free=119340Kb
 bounds [0x000001f71ddb0000, 0x000001f71e020000, 0x000001f7252e0000]
CodeHeap 'profiled nmethods': size=120000Kb used=3225Kb max_used=3225Kb free=116774Kb
 bounds [0x000001f7162e0000, 0x000001f716610000, 0x000001f71d810000]
CodeHeap 'non-nmethods': size=5760Kb used=1777Kb max_used=1803Kb free=3982Kb
 bounds [0x000001f71d810000, 0x000001f71da80000, 0x000001f71ddb0000]
 total_blobs=2525 nmethods=1878 adapters=552
 compilation: enabled
              stopped_count=0, restarted_count=0
 full_count=0

Compilation events (20 events):
Event: 13396.559 Thread 0x000001f72cd8d3d0 nmethod 1870 0x000001f716603790 code [0x000001f716603a20, 0x000001f7166047f0]
Event: 13396.559 Thread 0x000001f72cd85cf0 nmethod 1869 0x000001f71de50d10 code [0x000001f71de50ec0, 0x000001f71de50ff8]
Event: 13397.569 Thread 0x000001f72cd85cf0 1871       4       java.io.BufferedOutputStream::growIfNeeded (59 bytes)
Event: 13397.570 Thread 0x000001f72cd85cf0 nmethod 1871 0x000001f71de51190 code [0x000001f71de51320, 0x000001f71de51410]
Event: 13397.571 Thread 0x000001f72cd85cf0 1872       4       java.lang.invoke.DirectMethodHandle$Holder::invokeSpecial (15 bytes)
Event: 13397.572 Thread 0x000001f72cd85cf0 nmethod 1872 0x000001f71de51510 code [0x000001f71de516a0, 0x000001f71de51790]
Event: 13397.604 Thread 0x000001f72cd85cf0 1873       4       java.io.ObjectOutputStream$HandleTable::assign (52 bytes)
Event: 13397.606 Thread 0x000001f72cd85cf0 nmethod 1873 0x000001f71de51890 code [0x000001f71de51a60, 0x000001f71de51e90]
Event: 13399.653 Thread 0x000001f72cd8d3d0 1874   !   3       java.nio.DirectByteBuffer::put (37 bytes)
Event: 13399.655 Thread 0x000001f72cd8d3d0 nmethod 1874 0x000001f716604c10 code [0x000001f716604e60, 0x000001f716605810]
Event: 13399.655 Thread 0x000001f72cd8d3d0 1875   !   3       jdk.internal.misc.ScopedMemoryAccess::putByte (21 bytes)
Event: 13399.655 Thread 0x000001f72cd8d3d0 nmethod 1875 0x000001f716605d10 code [0x000001f716605f00, 0x000001f716606388]
Event: 13400.703 Thread 0x000001f72cd85cf0 1876   !   4       java.io.ObjectInputStream$BlockDataInputStream::readUTFSpan (502 bytes)
Event: 13400.723 Thread 0x000001f72cd85cf0 nmethod 1876 0x000001f71de52190 code [0x000001f71de52380, 0x000001f71de53148]
Event: 19221.281 Thread 0x000001f72cd85cf0 1877       4       java.io.ObjectOutputStream$BlockDataOutputStream::writeUTF (46 bytes)
Event: 19221.295 Thread 0x000001f72cd85cf0 nmethod 1877 0x000001f71de53790 code [0x000001f71de53960, 0x000001f71de541e0]
Event: 19222.329 Thread 0x000001f72cd85cf0 1878       4       java.lang.ref.Reference::refersToImpl (6 bytes)
Event: 19222.329 Thread 0x000001f72cd85cf0 nmethod 1878 0x000001f71de54790 code [0x000001f71de54900, 0x000001f71de54998]
Event: 19225.137 Thread 0x000001f72cd8d3d0 1879       1       java.util.EventObject::getSource (5 bytes)
Event: 19225.137 Thread 0x000001f72cd8d3d0 nmethod 1879 0x000001f71de54a90 code [0x000001f71de54c20, 0x000001f71de54cf0]

GC Heap History (2 events):
Event: 0.502 GC heap before
{Heap before GC invocations=0 (full 0):
 garbage-first heap   total reserved 4036608K, committed 253952K, used 32768K [0x0000000709a00000, 0x0000000800000000)
  region size 2048K, 12 young (24576K), 0 survivors (0K)
 Metaspace       used 9999K, committed 10304K, reserved 1114112K
  class space    used 1120K, committed 1280K, reserved 1048576K
}
Event: 0.508 GC heap after
{Heap after GC invocations=1 (full 0):
 garbage-first heap   total reserved 4036608K, committed 253952K, used 11315K [0x0000000709a00000, 0x0000000800000000)
  region size 2048K, 2 young (4096K), 2 survivors (4096K)
 Metaspace       used 9999K, committed 10304K, reserved 1114112K
  class space    used 1120K, committed 1280K, reserved 1048576K
}

Dll operation events (14 events):
Event: 0.013 Loaded shared library C:\Users\Ondra\.jdks\corretto-22.0.2\bin\java.dll
Event: 0.049 Loaded shared library C:\Users\Ondra\.jdks\corretto-22.0.2\bin\jsvml.dll
Event: 0.093 Loaded shared library C:\Users\Ondra\.jdks\corretto-22.0.2\bin\zip.dll
Event: 0.097 Loaded shared library C:\Users\Ondra\.jdks\corretto-22.0.2\bin\instrument.dll
Event: 0.105 Loaded shared library C:\Users\Ondra\.jdks\corretto-22.0.2\bin\net.dll
Event: 0.108 Loaded shared library C:\Users\Ondra\.jdks\corretto-22.0.2\bin\nio.dll
Event: 0.112 Loaded shared library C:\Users\Ondra\.jdks\corretto-22.0.2\bin\zip.dll
Event: 0.134 Loaded shared library C:\Users\Ondra\.jdks\corretto-22.0.2\bin\extnet.dll
Event: 0.136 Loaded shared library C:\Users\Ondra\.jdks\corretto-22.0.2\bin\jimage.dll
Event: 0.153 Loaded shared library C:\Users\Ondra\.jdks\corretto-22.0.2\bin\awt.dll
Event: 0.168 Loaded shared library C:\Users\Ondra\.jdks\corretto-22.0.2\bin\management.dll
Event: 0.178 Loaded shared library C:\Users\Ondra\.jdks\corretto-22.0.2\bin\management_ext.dll
Event: 0.532 Loaded shared library C:\Users\Ondra\.jdks\corretto-22.0.2\bin\freetype.dll
Event: 0.533 Loaded shared library C:\Users\Ondra\.jdks\corretto-22.0.2\bin\fontmanager.dll

Deoptimization events (20 events):
Event: 0.485 Thread 0x000001f70bbb6e90 DEOPT PACKING pc=0x000001f71ddf3d94 sp=0x00000023548feca0
Event: 0.485 Thread 0x000001f70bbb6e90 DEOPT UNPACKING pc=0x000001f71d867da2 sp=0x00000023548fec40 mode 2
Event: 0.485 Thread 0x000001f70bbb6e90 Uncommon trap: trap_request=0xffffff45 fr.pc=0x000001f71ddf4f8c relative=0x000000000000006c
Event: 0.485 Thread 0x000001f70bbb6e90 Uncommon trap: reason=unstable_if action=reinterpret pc=0x000001f71ddf4f8c method=java.util.Objects.equals(Ljava/lang/Object;Ljava/lang/Object;)Z @ 6 c2
Event: 0.485 Thread 0x000001f70bbb6e90 DEOPT PACKING pc=0x000001f71ddf4f8c sp=0x00000023548feb60
Event: 0.485 Thread 0x000001f70bbb6e90 DEOPT UNPACKING pc=0x000001f71d867da2 sp=0x00000023548feb00 mode 2
Event: 0.509 Thread 0x000001f7746fa7e0 Uncommon trap: trap_request=0xffffff45 fr.pc=0x000001f71de1c5ec relative=0x000000000000006c
Event: 0.509 Thread 0x000001f7746fa7e0 Uncommon trap: reason=unstable_if action=reinterpret pc=0x000001f71de1c5ec method=java.lang.ref.ReferenceQueue.headIsNull()Z @ 4 c2
Event: 0.509 Thread 0x000001f7746fa7e0 DEOPT PACKING pc=0x000001f71de1c5ec sp=0x00000023562fd270
Event: 0.509 Thread 0x000001f7746fa7e0 DEOPT UNPACKING pc=0x000001f71d867da2 sp=0x00000023562fd198 mode 2
Event: 0.542 Thread 0x000001f70bbb6e90 Uncommon trap: trap_request=0xffffff45 fr.pc=0x000001f71ddefb1c relative=0x00000000000001fc
Event: 0.542 Thread 0x000001f70bbb6e90 Uncommon trap: reason=unstable_if action=reinterpret pc=0x000001f71ddefb1c method=java.lang.StringUTF16.compress([CI[BII)I @ 20 c2
Event: 0.542 Thread 0x000001f70bbb6e90 DEOPT PACKING pc=0x000001f71ddefb1c sp=0x00000023548fdac0
Event: 0.542 Thread 0x000001f70bbb6e90 DEOPT UNPACKING pc=0x000001f71d867da2 sp=0x00000023548fda30 mode 2
Event: 0.594 Thread 0x000001f70bbb6e90 Uncommon trap: trap_request=0xffffff45 fr.pc=0x000001f71de19850 relative=0x0000000000000270
Event: 0.594 Thread 0x000001f70bbb6e90 Uncommon trap: reason=unstable_if action=reinterpret pc=0x000001f71de19850 method=java.lang.Class.getPackageName()Ljava/lang/String; @ 55 c2
Event: 0.594 Thread 0x000001f70bbb6e90 DEOPT PACKING pc=0x000001f71de19850 sp=0x00000023548fe130
Event: 0.594 Thread 0x000001f70bbb6e90 DEOPT UNPACKING pc=0x000001f71d867da2 sp=0x00000023548fe0d0 mode 2
Event: 3.084 Thread 0x000001f7746fa7e0 DEOPT PACKING pc=0x000001f716407343 sp=0x00000023562fe0a0
Event: 3.084 Thread 0x000001f7746fa7e0 DEOPT UNPACKING pc=0x000001f71d8688e2 sp=0x00000023562fd518 mode 0

Classes loaded (20 events):
Event: 0.660 Loading class java/text/CharacterIterator
Event: 0.660 Loading class java/text/CharacterIterator done
Event: 0.660 Loading class java/text/AttributedCharacterIterator done
Event: 0.660 Loading class java/text/AttributedString$AttributedStringIterator done
Event: 0.660 Loading class java/awt/event/ContainerEvent
Event: 0.660 Loading class java/awt/event/ContainerEvent done
Event: 0.661 Loading class java/applet/Applet
Event: 0.661 Loading class java/awt/Panel
Event: 0.661 Loading class java/awt/Panel done
Event: 0.661 Loading class java/applet/Applet done
Event: 0.941 Loading class java/lang/NumberFormatException
Event: 0.941 Loading class java/lang/NumberFormatException done
Event: 0.945 Loading class javax/management/openmbean/CompositeDataSupport
Event: 0.945 Loading class javax/management/openmbean/CompositeDataSupport done
Event: 0.946 Loading class javax/management/openmbean/OpenDataException
Event: 0.946 Loading class javax/management/openmbean/OpenDataException done
Event: 0.948 Loading class java/io/ObjectStreamException
Event: 0.949 Loading class java/io/ObjectStreamException done
Event: 3739.492 Loading class java/awt/LightweightDispatcher$2
Event: 3739.492 Loading class java/awt/LightweightDispatcher$2 done

Classes unloaded (0 events):
No events

Classes redefined (0 events):
No events

Internal exceptions (20 events):
Event: 0.335 Thread 0x000001f77225b3a0 Exception <a 'java/lang/NoSuchMethodError'{0x0000000718484b20}: 'java.lang.Object java.lang.invoke.DirectMethodHandle$Holder.newInvokeSpecial(java.lang.Object, java.lang.Object, java.lang.Object, int, int, int, int, int)'> (0x0000000718484b20) 
thrown [s\src\hotspot\share\interpreter\linkResolver.cpp, line 774]
Event: 0.414 Thread 0x000001f72cd75250 Exception <a 'java/lang/NoSuchMethodError'{0x000000071817f5a0}: 'java.lang.Object java.lang.invoke.DirectMethodHandle$Holder.invokeStaticInit(java.lang.Object, int, int, int, int)'> (0x000000071817f5a0) 
thrown [s\src\hotspot\share\interpreter\linkResolver.cpp, line 774]
Event: 0.434 Thread 0x000001f72cd75250 Exception <a 'java/lang/NoSuchMethodError'{0x00000007181d39e0}: 'java.lang.Object java.lang.invoke.DirectMethodHandle$Holder.invokeStaticInit(java.lang.Object, java.lang.Object, int, int, int, int)'> (0x00000007181d39e0) 
thrown [s\src\hotspot\share\interpreter\linkResolver.cpp, line 774]
Event: 0.451 Thread 0x000001f72cd75250 Exception <a 'java/lang/ClassNotFoundException'{0x00000007181effc8}: javax/management/remote/rmi/RMIServerImpl_Skel> (0x00000007181effc8) 
thrown [s\src\hotspot\share\classfile\systemDictionary.cpp, line 313]
Event: 0.463 Thread 0x000001f72cd75250 Exception <a 'java/lang/NoSuchMethodError'{0x0000000717c1a6e8}: 'long java.lang.invoke.DirectMethodHandle$Holder.invokeSpecial(java.lang.Object, java.lang.Object)'> (0x0000000717c1a6e8) 
thrown [s\src\hotspot\share\interpreter\linkResolver.cpp, line 774]
Event: 0.463 Thread 0x000001f72cd75250 Exception <a 'java/lang/NoSuchMethodError'{0x0000000717c1ddc0}: 'long java.lang.invoke.Invokers$Holder.invokeExact_MT(java.lang.Object, java.lang.Object)'> (0x0000000717c1ddc0) 
thrown [s\src\hotspot\share\interpreter\linkResolver.cpp, line 774]
Event: 0.485 Thread 0x000001f70bbb6e90 Implicit null exception at 0x000001f71ddf338d to 0x000001f71ddf3d78
Event: 0.495 Thread 0x000001f7746fa7e0 Exception <a 'java/lang/NoSuchMethodError'{0x0000000717b58e90}: static [B.<clinit>()V> (0x0000000717b58e90) 
thrown [s\src\hotspot\share\prims\jni.cpp, line 1111]
Event: 0.496 Thread 0x000001f7746fa7e0 Exception <a 'java/lang/NoSuchMethodError'{0x0000000717b5d008}: 'java.lang.Object java.lang.invoke.DirectMethodHandle$Holder.invokeInterface(java.lang.Object, java.lang.Object, java.lang.Object)'> (0x0000000717b5d008) 
thrown [s\src\hotspot\share\interpreter\linkResolver.cpp, line 774]
Event: 0.514 Thread 0x000001f7746fa7e0 Exception <a 'java/lang/ClassNotFoundException'{0x000000071900e630}: javax/management/remote/rmi/RMIConnectionImpl_Skel> (0x000000071900e630) 
thrown [s\src\hotspot\share\classfile\systemDictionary.cpp, line 313]
Event: 0.517 Thread 0x000001f77301ba00 Exception <a 'java/lang/NoSuchMethodError'{0x0000000719148948}: 'java.lang.Object java.lang.invoke.Invokers$Holder.linkToTargetMethod(java.lang.Object, long, java.lang.Object)'> (0x0000000719148948) 
thrown [s\src\hotspot\share\interpreter\linkResolver.cpp, line 774]
Event: 0.520 Thread 0x000001f7746fa7e0 Exception <a 'java/lang/NoSuchMethodError'{0x000000071902e970}: 'java.lang.Object java.lang.invoke.DirectMethodHandle$Holder.invokeInterface(java.lang.Object, java.lang.Object)'> (0x000000071902e970) 
thrown [s\src\hotspot\share\interpreter\linkResolver.cpp, line 774]
Event: 0.525 Thread 0x000001f7746fa7e0 Exception <a 'java/lang/NoSuchMethodError'{0x0000000719053d70}: 'int java.lang.invoke.DelegatingMethodHandle$Holder.reinvoke_L(java.lang.Object, java.lang.Object, java.lang.Object, java.lang.Object, java.lang.Object)'> (0x0000000719053d70) 
thrown [s\src\hotspot\share\interpreter\linkResolver.cpp, line 774]
Event: 0.525 Thread 0x000001f70bbb6e90 Exception <a 'java/lang/NoSuchMethodError'{0x0000000719096400}: 'void java.lang.invoke.DirectMethodHandle$Holder.invokeStaticInit(java.lang.Object)'> (0x0000000719096400) 
thrown [s\src\hotspot\share\interpreter\linkResolver.cpp, line 774]
Event: 0.529 Thread 0x000001f7746fa7e0 Exception <a 'java/lang/NoSuchMethodError'{0x000000071906f948}: 'java.lang.Object java.lang.invoke.DirectMethodHandle$Holder.invokeInterface(java.lang.Object, java.lang.Object, java.lang.Object, java.lang.Object, java.lang.Object)'> (0x000000071906f948) 
thrown [s\src\hotspot\share\interpreter\linkResolver.cpp, line 774]
Event: 0.534 Thread 0x000001f7746fa7e0 Exception <a 'java/lang/NoSuchMethodError'{0x0000000719171d18}: 'double java.lang.invoke.DirectMethodHandle$Holder.invokeInterface(java.lang.Object, java.lang.Object)'> (0x0000000719171d18) 
thrown [s\src\hotspot\share\interpreter\linkResolver.cpp, line 774]
Event: 0.535 Thread 0x000001f7746fa7e0 Exception <a 'java/lang/NoSuchMethodError'{0x00000007191796b8}: 'double java.lang.invoke.DelegatingMethodHandle$Holder.reinvoke_L(java.lang.Object, java.lang.Object)'> (0x00000007191796b8) 
thrown [s\src\hotspot\share\interpreter\linkResolver.cpp, line 774]
Event: 0.586 Thread 0x000001f7728cd760 Exception <a 'java/lang/NoSuchMethodError'{0x00000007191ca778}: 'void java.lang.invoke.DirectMethodHandle$Holder.invokeVirtual(java.lang.Object, java.lang.Object)'> (0x00000007191ca778) 
thrown [s\src\hotspot\share\interpreter\linkResolver.cpp, line 774]
Event: 0.943 Thread 0x000001f7746fa7e0 Exception <a 'java/lang/NoSuchMethodError'{0x0000000718e9bda0}: 'long java.lang.invoke.DirectMethodHandle$Holder.invokeVirtual(java.lang.Object, java.lang.Object)'> (0x0000000718e9bda0) 
thrown [s\src\hotspot\share\interpreter\linkResolver.cpp, line 774]
Event: 0.944 Thread 0x000001f7746fa7e0 Exception <a 'java/lang/NoSuchMethodError'{0x0000000718e9f380}: 'long java.lang.invoke.DelegatingMethodHandle$Holder.reinvoke_L(java.lang.Object, java.lang.Object)'> (0x0000000718e9f380) 
thrown [s\src\hotspot\share\interpreter\linkResolver.cpp, line 774]

ZGC Phase Switch (0 events):
No events

VM Operations (20 events):
Event: 13369.034 Executing VM operation: Cleanup
Event: 13369.034 Executing VM operation: Cleanup done
Event: 13372.055 Executing VM operation: Cleanup
Event: 13372.055 Executing VM operation: Cleanup done
Event: 13374.073 Executing VM operation: Cleanup
Event: 13374.073 Executing VM operation: Cleanup done
Event: 13382.143 Executing VM operation: Cleanup
Event: 13382.143 Executing VM operation: Cleanup done
Event: 13389.230 Executing VM operation: Cleanup
Event: 13389.230 Executing VM operation: Cleanup done
Event: 13390.242 Executing VM operation: Cleanup
Event: 13390.242 Executing VM operation: Cleanup done
Event: 13394.290 Executing VM operation: Cleanup
Event: 13394.290 Executing VM operation: Cleanup done
Event: 13397.327 Executing VM operation: Cleanup
Event: 13397.327 Executing VM operation: Cleanup done
Event: 13400.352 Executing VM operation: Cleanup
Event: 13400.352 Executing VM operation: Cleanup done
Event: 19223.651 Executing VM operation: Cleanup
Event: 19223.651 Executing VM operation: Cleanup done

Memory protections (0 events):
No events

Nmethod flushes (0 events):
No events

Events (20 events):
Event: 0.046 Thread 0x000001f70bbb6e90 Thread added: 0x000001f72cd8d3d0
Event: 0.072 Thread 0x000001f70bbb6e90 Thread added: 0x000001f72cd35d50
Event: 0.088 Thread 0x000001f72cd8d3d0 Thread added: 0x000001f7721bd1e0
Event: 0.122 Thread 0x000001f70bbb6e90 Thread added: 0x000001f7722ceb40
Event: 0.122 Thread 0x000001f70bbb6e90 Thread added: 0x000001f7722cf1b0
Event: 0.221 Thread 0x000001f70bbb6e90 Thread added: 0x000001f7723dc040
Event: 0.223 Thread 0x000001f70bbb6e90 Thread added: 0x000001f7728c98b0
Event: 0.225 Thread 0x000001f70bbb6e90 Thread added: 0x000001f7728cd760
Event: 0.328 Thread 0x000001f70bbb6e90 Thread added: 0x000001f77225b3a0
Event: 0.334 Thread 0x000001f72cd85cf0 Thread added: 0x000001f772aea050
Event: 0.460 Thread 0x000001f72cd75250 Thread added: 0x000001f772e3aaf0
Event: 0.472 Thread 0x000001f772e3aaf0 Thread added: 0x000001f7746fa7e0
Event: 0.493 Thread 0x000001f7746fa7e0 Thread added: 0x000001f774bf7ee0
Event: 0.511 Thread 0x000001f7746fa7e0 Thread added: 0x000001f77301ba00
Event: 0.571 Thread 0x000001f7728cd760 Thread added: 0x000001f77301a650
Event: 0.594 Thread 0x000001f70bbb6e90 Thread exited: 0x000001f70bbb6e90
Event: 0.595 Thread 0x000001f77301ace0 Thread added: 0x000001f77301ace0
Event: 0.940 Thread 0x000001f772aea050 Thread exited: 0x000001f772aea050
Event: 0.941 Thread 0x000001f7721bd1e0 Thread exited: 0x000001f7721bd1e0
Event: 5.496 Thread 0x000001f77225b3a0 Thread exited: 0x000001f77225b3a0


Dynamic libraries:
0x00007ff751340000 - 0x00007ff75134e000 	C:\Users\Ondra\.jdks\corretto-22.0.2\bin\java.exe
0x00007ffc167a0000 - 0x00007ffc16a07000 	C:\WINDOWS\SYSTEM32\ntdll.dll
0x00007ffc15760000 - 0x00007ffc15829000 	C:\WINDOWS\System32\KERNEL32.DLL
0x00007ffc131f0000 - 0x00007ffc135e4000 	C:\WINDOWS\System32\KERNELBASE.dll
0x00007ffc13070000 - 0x00007ffc131bb000 	C:\WINDOWS\System32\ucrtbase.dll
0x00007ffc0f3e0000 - 0x00007ffc0f3f7000 	C:\Users\Ondra\.jdks\corretto-22.0.2\bin\jli.dll
0x00007ffc001c0000 - 0x00007ffc001db000 	C:\Users\Ondra\.jdks\corretto-22.0.2\bin\VCRUNTIME140.dll
0x00007ffc14ce0000 - 0x00007ffc14ea5000 	C:\WINDOWS\System32\USER32.dll
0x00007ffc131c0000 - 0x00007ffc131e7000 	C:\WINDOWS\System32\win32u.dll
0x00007ffbf7630000 - 0x00007ffbf78c3000 	C:\WINDOWS\WinSxS\amd64_microsoft.windows.common-controls_6595b64144ccf1df_6.0.26100.8115_none_3e075c82e3354f9c\COMCTL32.dll
0x00007ffc14c60000 - 0x00007ffc14c8b000 	C:\WINDOWS\System32\GDI32.dll
0x00007ffc14f70000 - 0x00007ffc15019000 	C:\WINDOWS\System32\msvcrt.dll
0x00007ffc13750000 - 0x00007ffc1387b000 	C:\WINDOWS\System32\gdi32full.dll
0x00007ffc135f0000 - 0x00007ffc13693000 	C:\WINDOWS\System32\msvcp_win.dll
0x00007ffc14ca0000 - 0x00007ffc14cd2000 	C:\WINDOWS\System32\IMM32.DLL
0x00007ffc0f3d0000 - 0x00007ffc0f3dc000 	C:\Users\Ondra\.jdks\corretto-22.0.2\bin\vcruntime140_1.dll
0x00007ffbe4d30000 - 0x00007ffbe4dbd000 	C:\Users\Ondra\.jdks\corretto-22.0.2\bin\msvcp140.dll
0x00007ffb94570000 - 0x00007ffb95341000 	C:\Users\Ondra\.jdks\corretto-22.0.2\bin\server\jvm.dll
0x00007ffc16300000 - 0x00007ffc163b6000 	C:\WINDOWS\System32\ADVAPI32.dll
0x00007ffc14790000 - 0x00007ffc14837000 	C:\WINDOWS\System32\sechost.dll
0x00007ffc161e0000 - 0x00007ffc162f8000 	C:\WINDOWS\System32\RPCRT4.dll
0x00007ffc14840000 - 0x00007ffc148c0000 	C:\WINDOWS\System32\WS2_32.dll
0x00007ffc12ed0000 - 0x00007ffc12f2e000 	C:\WINDOWS\SYSTEM32\POWRPROF.dll
0x00007ffc09ff0000 - 0x00007ffc09ffb000 	C:\WINDOWS\SYSTEM32\VERSION.dll
0x00007ffc0a050000 - 0x00007ffc0a086000 	C:\WINDOWS\SYSTEM32\WINMM.dll
0x00007ffc12eb0000 - 0x00007ffc12ec4000 	C:\WINDOWS\SYSTEM32\UMPDC.dll
0x00007ffc11dc0000 - 0x00007ffc11ddb000 	C:\WINDOWS\SYSTEM32\kernel.appcore.dll
0x00007ffbffaf0000 - 0x00007ffbffafa000 	C:\Users\Ondra\.jdks\corretto-22.0.2\bin\jimage.dll
0x00007ffc10680000 - 0x00007ffc108c2000 	C:\WINDOWS\SYSTEM32\DBGHELP.DLL
0x00007ffc148d0000 - 0x00007ffc14c52000 	C:\WINDOWS\System32\combase.dll
0x00007ffc15670000 - 0x00007ffc15748000 	C:\WINDOWS\System32\OLEAUT32.dll
0x00007ffbfd1d0000 - 0x00007ffbfd20b000 	C:\WINDOWS\SYSTEM32\dbgcore.DLL
0x00007ffc136a0000 - 0x00007ffc13745000 	C:\WINDOWS\System32\bcryptPrimitives.dll
0x00007ffbfd580000 - 0x00007ffbfd58e000 	C:\Users\Ondra\.jdks\corretto-22.0.2\bin\instrument.dll
0x00007ffbfd560000 - 0x00007ffbfd57e000 	C:\Users\Ondra\.jdks\corretto-22.0.2\bin\java.dll
0x00007ffc15a60000 - 0x00007ffc161c7000 	C:\WINDOWS\System32\SHELL32.dll
0x00007ffc140f0000 - 0x00007ffc1425a000 	C:\WINDOWS\System32\wintypes.dll
0x00007ffc16430000 - 0x00007ffc165c7000 	C:\WINDOWS\System32\ole32.dll
0x00007ffc13880000 - 0x00007ffc140e8000 	C:\WINDOWS\System32\windows.storage.dll
0x00007ffc15540000 - 0x00007ffc15638000 	C:\WINDOWS\System32\SHCORE.dll
0x00007ffc163c0000 - 0x00007ffc16426000 	C:\WINDOWS\System32\shlwapi.dll
0x00007ffc12f90000 - 0x00007ffc12fb9000 	C:\WINDOWS\SYSTEM32\profapi.dll
0x00007ffbe4c50000 - 0x00007ffbe4d27000 	C:\Users\Ondra\.jdks\corretto-22.0.2\bin\jsvml.dll
0x00007ffbfd540000 - 0x00007ffbfd557000 	C:\Users\Ondra\.jdks\corretto-22.0.2\bin\zip.dll
0x00007ffbfd530000 - 0x00007ffbfd540000 	C:\Users\Ondra\.jdks\corretto-22.0.2\bin\net.dll
0x00007ffc12310000 - 0x00007ffc1237c000 	C:\WINDOWS\system32\mswsock.dll
0x00007ffbfd4c0000 - 0x00007ffbfd4d6000 	C:\Users\Ondra\.jdks\corretto-22.0.2\bin\nio.dll
0x00007ffbfd520000 - 0x00007ffbfd529000 	C:\Users\Ondra\.jdks\corretto-22.0.2\bin\extnet.dll
0x00007ffbcff80000 - 0x00007ffbd010c000 	C:\Users\Ondra\.jdks\corretto-22.0.2\bin\awt.dll
0x00007ffc0f580000 - 0x00007ffc0f61f000 	C:\WINDOWS\SYSTEM32\apphelp.dll
0x00007ffc11830000 - 0x00007ffc11962000 	C:\WINDOWS\SYSTEM32\DNSAPI.dll
0x00007ffc117a0000 - 0x00007ffc117d2000 	C:\WINDOWS\SYSTEM32\IPHLPAPI.DLL
0x00007ffc15640000 - 0x00007ffc1564a000 	C:\WINDOWS\System32\NSI.dll
0x00007ffc0c5f0000 - 0x00007ffc0c5fb000 	C:\Windows\System32\rasadhlp.dll
0x00007ffc0c7b0000 - 0x00007ffc0c836000 	C:\WINDOWS\System32\fwpuclnt.dll
0x00007ffbfd4b0000 - 0x00007ffbfd4b9000 	C:\Users\Ondra\.jdks\corretto-22.0.2\bin\management.dll
0x00007ffbfd4a0000 - 0x00007ffbfd4ab000 	C:\Users\Ondra\.jdks\corretto-22.0.2\bin\management_ext.dll
0x00007ffc14c90000 - 0x00007ffc14c98000 	C:\WINDOWS\System32\PSAPI.DLL
0x00007ffc10c80000 - 0x00007ffc10caf000 	C:\WINDOWS\system32\DWMAPI.DLL
0x00007ffc10920000 - 0x00007ffc109c9000 	C:\WINDOWS\system32\uxtheme.dll
0x00007ffbcd160000 - 0x00007ffbcd26f000 	C:\WINDOWS\system32\opengl32.dll
0x00007ffbd0240000 - 0x00007ffbd026d000 	C:\WINDOWS\SYSTEM32\GLU32.dll
0x00007ffc10c10000 - 0x00007ffc10c53000 	C:\WINDOWS\SYSTEM32\dxcore.dll
0x00007ffc14530000 - 0x00007ffc1468c000 	C:\WINDOWS\System32\MSCTF.dll
0x00007ffc12710000 - 0x00007ffc1272b000 	C:\WINDOWS\SYSTEM32\CRYPTSP.dll
0x00007ffc11d20000 - 0x00007ffc11d59000 	C:\WINDOWS\system32\rsaenh.dll
0x00007ffc123c0000 - 0x00007ffc123f3000 	C:\WINDOWS\SYSTEM32\USERENV.dll
0x00007ffc12f60000 - 0x00007ffc12f8a000 	C:\WINDOWS\SYSTEM32\bcrypt.dll
0x00007ffc126f0000 - 0x00007ffc126fc000 	C:\WINDOWS\SYSTEM32\CRYPTBASE.dll
0x00007ffbfafe0000 - 0x00007ffbfaff8000 	C:\WINDOWS\system32\napinsp.dll
0x00007ffbf83b0000 - 0x00007ffbf83c3000 	C:\WINDOWS\System32\winrnr.dll
0x00007ffbfe1f0000 - 0x00007ffbfe212000 	C:\WINDOWS\system32\nlansp_c.dll
0x00007ffc03890000 - 0x00007ffc038a6000 	C:\WINDOWS\system32\wshbth.dll
0x00007ffbd5220000 - 0x00007ffbd52a7000 	C:\Users\Ondra\.jdks\corretto-22.0.2\bin\freetype.dll
0x00007ffbc39b0000 - 0x00007ffbc3a87000 	C:\Users\Ondra\.jdks\corretto-22.0.2\bin\fontmanager.dll
0x00007ffbf2360000 - 0x00007ffbf23b6000 	C:\WINDOWS\SYSTEM32\pdh.dll
0x00007ffbe3490000 - 0x00007ffbe35d8000 	C:\WINDOWS\SYSTEM32\textinputframework.dll
0x00007ffc0ef70000 - 0x00007ffc0f097000 	C:\WINDOWS\SYSTEM32\CoreMessaging.dll
0x00007ffc0bab0000 - 0x00007ffc0bd92000 	C:\WINDOWS\SYSTEM32\CoreUIComponents.dll
0x00007ffbfd130000 - 0x00007ffbfd142000 	C:\WINDOWS\System32\perfproc.dll

dbghelp: loaded successfully - version: 4.0.5 - missing functions: none
symbol engine: initialized successfully - sym options: 0x614 - pdb path: .;C:\Users\Ondra\.jdks\corretto-22.0.2\bin;C:\WINDOWS\SYSTEM32;C:\WINDOWS\WinSxS\amd64_microsoft.windows.common-controls_6595b64144ccf1df_6.0.26100.8115_none_3e075c82e3354f9c;C:\Users\Ondra\.jdks\corretto-22.0.2\bin\server

VM Arguments:
jvm_args: -javaagent:C:\Program Files\JetBrains\IntelliJ IDEA 2024.3.7\lib\idea_rt.jar=56910 -Dfile.encoding=UTF-8 -Dsun.stdout.encoding=UTF-8 -Dsun.stderr.encoding=UTF-8 
java_command: Main
java_class_path (initial): C:\Users\Ondra\IdeaProjects\SuperMarket\out\production\SuperMarket
Launcher Type: SUN_STANDARD

[Global flags]
     intx CICompilerCount                          = 4                                         {product} {ergonomic}
     uint ConcGCThreads                            = 2                                         {product} {ergonomic}
     uint G1ConcRefinementThreads                  = 8                                         {product} {ergonomic}
   size_t G1HeapRegionSize                         = 2097152                                   {product} {ergonomic}
   size_t InitialHeapSize                          = 260046848                                 {product} {ergonomic}
   size_t MarkStackSize                            = 4194304                                   {product} {ergonomic}
   size_t MaxHeapSize                              = 4133486592                                {product} {ergonomic}
   size_t MaxNewSize                               = 2478833664                                {product} {ergonomic}
   size_t MinHeapDeltaBytes                        = 2097152                                   {product} {ergonomic}
   size_t MinHeapSize                              = 8388608                                   {product} {ergonomic}
    uintx NonNMethodCodeHeapSize                   = 5839372                                {pd product} {ergonomic}
    uintx NonProfiledCodeHeapSize                  = 122909434                              {pd product} {ergonomic}
    uintx ProfiledCodeHeapSize                     = 122909434                              {pd product} {ergonomic}
    uintx ReservedCodeCacheSize                    = 251658240                              {pd product} {ergonomic}
     bool SegmentedCodeCache                       = true                                      {product} {ergonomic}
   size_t SoftMaxHeapSize                          = 4133486592                             {manageable} {ergonomic}
     bool UseCompressedOops                        = true                           {product lp64_product} {ergonomic}
     bool UseG1GC                                  = true                                      {product} {ergonomic}
     bool UseLargePagesIndividualAllocation        = false                                  {pd product} {ergonomic}

Logging:
Log output configuration:
 #0: stdout all=warning uptime,level,tags foldmultilines=false
 #1: stderr all=off uptime,level,tags foldmultilines=false

Environment Variables:
PATH=C:\Program Files\Common Files\Oracle\Java\javapath;C:\Program Files (x86)\Common Files\Oracle\Java\java8path;C:\Program Files (x86)\Common Files\Oracle\Java\javapath;C:\WINDOWS\system32;C:\WINDOWS;C:\WINDOWS\System32\Wbem;C:\WINDOWS\System32\WindowsPowerShell\v1.0\;C:\WINDOWS\System32\OpenSSH\;C:\Program Files\Git\cmd;C:\Users\Ondra\AppData\Local\Microsoft\WindowsApps;C:\Users\Ondra\AppData\Local\Programs\Microsoft VS Code\bin
USERNAME=Ondra
OS=Windows_NT
PROCESSOR_IDENTIFIER=Intel64 Family 6 Model 140 Stepping 1, GenuineIntel
TMP=C:\Users\Ondra\AppData\Local\Temp
TEMP=C:\Users\Ondra\AppData\Local\Temp




Periodic native trim disabled

---------------  S Y S T E M  ---------------

OS:
 Windows 11 , 64 bit Build 26100 (10.0.26100.8246)
OS uptime: 4 days 21:35 hours
Hyper-V role detected

CPU: total 8 (initial active 8) (4 cores per cpu, 2 threads per core) family 6 model 140 stepping 1 microcode 0xbe, cx8, cmov, fxsr, ht, mmx, 3dnowpref, sse, sse2, sse3, ssse3, sse4.1, sse4.2, popcnt, lzcnt, tsc, tscinvbit, avx, avx2, aes, erms, clmul, bmi1, bmi2, adx, avx512f, avx512dq, avx512cd, avx512bw, avx512vl, sha, fma, vzeroupper, avx512_vpopcntdq, avx512_vpclmulqdq, avx512_vaes, avx512_vnni, clflush, clflushopt, clwb, avx512_vbmi2, avx512_vbmi, hv, rdtscp, rdpid, fsrm, gfni, avx512_bitalg, f16c, cet_ibt, cet_ss, avx512_ifma
Processor Information for all 8 processors :
  Max Mhz: 1498, Current Mhz: 1498, Mhz Limit: 1498

Memory: 4k page, system-wide physical 15761M (5175M free)
TotalPageFile size 17745M (AvailPageFile size 3738M)
current process WorkingSet (physical memory assigned to process): 119M, peak: 124M
current process commit charge ("private bytes"): 361M, peak: 367M

vm_info: OpenJDK 64-Bit Server VM (22.0.2+9-FR) for windows-amd64 JRE (22.0.2+9-FR), built on 2024-07-09T01:10:09Z by "Administrator" with MS VC++ 16.10 / 16.11 (VS2019)

END.
